ARM GAS  C:\Users\user\AppData\Local\Temp\ccrSRcAi.s 			page 1


   1              		.syntax unified
   2              		.cpu cortex-m0
   3              		.fpu softvfp
   4              		.eabi_attribute 20, 1
   5              		.eabi_attribute 21, 1
   6              		.eabi_attribute 23, 3
   7              		.eabi_attribute 24, 1
   8              		.eabi_attribute 25, 1
   9              		.eabi_attribute 26, 1
  10              		.eabi_attribute 30, 4
  11              		.eabi_attribute 34, 0
  12              		.eabi_attribute 18, 4
  13              		.thumb
  14              		.syntax unified
  15              		.file	"cyfitter_cfg.c"
  16              		.text
  17              	.Ltext0:
  18              		.cfi_sections	.debug_frame
  19              		.section	.psocinit,"ax",%progbits
  20              		.align	1
  21              		.global	cyfitter_cfg
  22              		.code	16
  23              		.thumb_func
  24              		.type	cyfitter_cfg, %function
  25              	cyfitter_cfg:
  26              	.LFB7:
  27              		.file 1 "Generated_Source\\PSoC4\\cyfitter_cfg.c"
   1:Generated_Source\PSoC4/cyfitter_cfg.c **** 
   2:Generated_Source\PSoC4/cyfitter_cfg.c **** /*******************************************************************************
   3:Generated_Source\PSoC4/cyfitter_cfg.c **** * File Name: cyfitter_cfg.c
   4:Generated_Source\PSoC4/cyfitter_cfg.c **** * 
   5:Generated_Source\PSoC4/cyfitter_cfg.c **** * PSoC Creator  4.4
   6:Generated_Source\PSoC4/cyfitter_cfg.c **** *
   7:Generated_Source\PSoC4/cyfitter_cfg.c **** * Description:
   8:Generated_Source\PSoC4/cyfitter_cfg.c **** * This file contains device initialization code.
   9:Generated_Source\PSoC4/cyfitter_cfg.c **** * Except for the user defined sections in CyClockStartupError(), this file should not be modified.
  10:Generated_Source\PSoC4/cyfitter_cfg.c **** * This file is automatically generated by PSoC Creator.
  11:Generated_Source\PSoC4/cyfitter_cfg.c **** *
  12:Generated_Source\PSoC4/cyfitter_cfg.c **** ********************************************************************************
  13:Generated_Source\PSoC4/cyfitter_cfg.c **** * Copyright (c) 2007-2020 Cypress Semiconductor.  All rights reserved.
  14:Generated_Source\PSoC4/cyfitter_cfg.c **** * You may use this file only in accordance with the license, terms, conditions, 
  15:Generated_Source\PSoC4/cyfitter_cfg.c **** * disclaimers, and limitations in the end user license agreement accompanying 
  16:Generated_Source\PSoC4/cyfitter_cfg.c **** * the software package with which this file was provided.
  17:Generated_Source\PSoC4/cyfitter_cfg.c **** ********************************************************************************/
  18:Generated_Source\PSoC4/cyfitter_cfg.c **** 
  19:Generated_Source\PSoC4/cyfitter_cfg.c **** #include <string.h>
  20:Generated_Source\PSoC4/cyfitter_cfg.c **** #include "cytypes.h"
  21:Generated_Source\PSoC4/cyfitter_cfg.c **** #include "cydevice_trm.h"
  22:Generated_Source\PSoC4/cyfitter_cfg.c **** #include "cyfitter.h"
  23:Generated_Source\PSoC4/cyfitter_cfg.c **** #include "CyLib.h"
  24:Generated_Source\PSoC4/cyfitter_cfg.c **** #include "CyLFClk.h"
  25:Generated_Source\PSoC4/cyfitter_cfg.c **** #include "cyfitter_cfg.h"
  26:Generated_Source\PSoC4/cyfitter_cfg.c **** #include "cyapicallbacks.h"
  27:Generated_Source\PSoC4/cyfitter_cfg.c **** 
  28:Generated_Source\PSoC4/cyfitter_cfg.c **** 
  29:Generated_Source\PSoC4/cyfitter_cfg.c **** #if defined(__GNUC__) || defined(__ARMCC_VERSION)
  30:Generated_Source\PSoC4/cyfitter_cfg.c ****     #define CYPACKED 
ARM GAS  C:\Users\user\AppData\Local\Temp\ccrSRcAi.s 			page 2


  31:Generated_Source\PSoC4/cyfitter_cfg.c ****     #define CYPACKED_ATTR __attribute__ ((packed))
  32:Generated_Source\PSoC4/cyfitter_cfg.c ****     #define CYALIGNED __attribute__ ((aligned))
  33:Generated_Source\PSoC4/cyfitter_cfg.c ****     #define CY_CFG_UNUSED __attribute__ ((unused))
  34:Generated_Source\PSoC4/cyfitter_cfg.c ****     #ifndef CY_CFG_SECTION
  35:Generated_Source\PSoC4/cyfitter_cfg.c ****         #define CY_CFG_SECTION __attribute__ ((section(".psocinit")))
  36:Generated_Source\PSoC4/cyfitter_cfg.c ****     #endif
  37:Generated_Source\PSoC4/cyfitter_cfg.c ****     
  38:Generated_Source\PSoC4/cyfitter_cfg.c ****     #if defined(__ARMCC_VERSION)
  39:Generated_Source\PSoC4/cyfitter_cfg.c ****         #define CY_CFG_MEMORY_BARRIER() __memory_changed()
  40:Generated_Source\PSoC4/cyfitter_cfg.c ****     #else
  41:Generated_Source\PSoC4/cyfitter_cfg.c ****         #define CY_CFG_MEMORY_BARRIER() __sync_synchronize()
  42:Generated_Source\PSoC4/cyfitter_cfg.c ****     #endif
  43:Generated_Source\PSoC4/cyfitter_cfg.c ****     
  44:Generated_Source\PSoC4/cyfitter_cfg.c **** #elif defined(__ICCARM__)
  45:Generated_Source\PSoC4/cyfitter_cfg.c ****     #include <intrinsics.h>
  46:Generated_Source\PSoC4/cyfitter_cfg.c **** 
  47:Generated_Source\PSoC4/cyfitter_cfg.c ****     #define CYPACKED __packed
  48:Generated_Source\PSoC4/cyfitter_cfg.c ****     #define CYPACKED_ATTR 
  49:Generated_Source\PSoC4/cyfitter_cfg.c ****     #define CYALIGNED _Pragma("data_alignment=4")
  50:Generated_Source\PSoC4/cyfitter_cfg.c ****     #define CY_CFG_UNUSED _Pragma("diag_suppress=Pe177")
  51:Generated_Source\PSoC4/cyfitter_cfg.c ****     #define CY_CFG_SECTION _Pragma("location=\".psocinit\"")
  52:Generated_Source\PSoC4/cyfitter_cfg.c ****     
  53:Generated_Source\PSoC4/cyfitter_cfg.c ****     #define CY_CFG_MEMORY_BARRIER() __DMB()
  54:Generated_Source\PSoC4/cyfitter_cfg.c ****     
  55:Generated_Source\PSoC4/cyfitter_cfg.c **** #else
  56:Generated_Source\PSoC4/cyfitter_cfg.c ****     #error Unsupported toolchain
  57:Generated_Source\PSoC4/cyfitter_cfg.c **** #endif
  58:Generated_Source\PSoC4/cyfitter_cfg.c **** 
  59:Generated_Source\PSoC4/cyfitter_cfg.c **** #ifndef CYCODE
  60:Generated_Source\PSoC4/cyfitter_cfg.c ****     #define CYCODE
  61:Generated_Source\PSoC4/cyfitter_cfg.c **** #endif
  62:Generated_Source\PSoC4/cyfitter_cfg.c **** #ifndef CYDATA
  63:Generated_Source\PSoC4/cyfitter_cfg.c ****     #define CYDATA
  64:Generated_Source\PSoC4/cyfitter_cfg.c **** #endif
  65:Generated_Source\PSoC4/cyfitter_cfg.c **** #ifndef CYFAR
  66:Generated_Source\PSoC4/cyfitter_cfg.c ****     #define CYFAR
  67:Generated_Source\PSoC4/cyfitter_cfg.c **** #endif
  68:Generated_Source\PSoC4/cyfitter_cfg.c **** #ifndef CYXDATA
  69:Generated_Source\PSoC4/cyfitter_cfg.c ****     #define CYXDATA
  70:Generated_Source\PSoC4/cyfitter_cfg.c **** #endif
  71:Generated_Source\PSoC4/cyfitter_cfg.c **** 
  72:Generated_Source\PSoC4/cyfitter_cfg.c **** 
  73:Generated_Source\PSoC4/cyfitter_cfg.c **** CY_CFG_UNUSED
  74:Generated_Source\PSoC4/cyfitter_cfg.c **** static void CYMEMZERO(void *s, size_t n);
  75:Generated_Source\PSoC4/cyfitter_cfg.c **** CY_CFG_UNUSED
  76:Generated_Source\PSoC4/cyfitter_cfg.c **** static void CYMEMZERO(void *s, size_t n)
  77:Generated_Source\PSoC4/cyfitter_cfg.c **** {
  78:Generated_Source\PSoC4/cyfitter_cfg.c **** 	(void)memset(s, 0, n);
  79:Generated_Source\PSoC4/cyfitter_cfg.c **** }
  80:Generated_Source\PSoC4/cyfitter_cfg.c **** CY_CFG_UNUSED
  81:Generated_Source\PSoC4/cyfitter_cfg.c **** static void CYCONFIGCPY(void *dest, const void *src, size_t n);
  82:Generated_Source\PSoC4/cyfitter_cfg.c **** CY_CFG_UNUSED
  83:Generated_Source\PSoC4/cyfitter_cfg.c **** static void CYCONFIGCPY(void *dest, const void *src, size_t n)
  84:Generated_Source\PSoC4/cyfitter_cfg.c **** {
  85:Generated_Source\PSoC4/cyfitter_cfg.c **** 	(void)memcpy(dest, src, n);
  86:Generated_Source\PSoC4/cyfitter_cfg.c **** }
  87:Generated_Source\PSoC4/cyfitter_cfg.c **** CY_CFG_UNUSED
ARM GAS  C:\Users\user\AppData\Local\Temp\ccrSRcAi.s 			page 3


  88:Generated_Source\PSoC4/cyfitter_cfg.c **** static void CYCONFIGCPYCODE(void *dest, const void *src, size_t n);
  89:Generated_Source\PSoC4/cyfitter_cfg.c **** CY_CFG_UNUSED
  90:Generated_Source\PSoC4/cyfitter_cfg.c **** static void CYCONFIGCPYCODE(void *dest, const void *src, size_t n)
  91:Generated_Source\PSoC4/cyfitter_cfg.c **** {
  92:Generated_Source\PSoC4/cyfitter_cfg.c **** 	(void)memcpy(dest, src, n);
  93:Generated_Source\PSoC4/cyfitter_cfg.c **** }
  94:Generated_Source\PSoC4/cyfitter_cfg.c **** 
  95:Generated_Source\PSoC4/cyfitter_cfg.c **** 
  96:Generated_Source\PSoC4/cyfitter_cfg.c **** 
  97:Generated_Source\PSoC4/cyfitter_cfg.c **** 
  98:Generated_Source\PSoC4/cyfitter_cfg.c **** /* Clock startup error codes                                                   */
  99:Generated_Source\PSoC4/cyfitter_cfg.c **** #define CYCLOCKSTART_NO_ERROR    0u
 100:Generated_Source\PSoC4/cyfitter_cfg.c **** #define CYCLOCKSTART_XTAL_ERROR  1u
 101:Generated_Source\PSoC4/cyfitter_cfg.c **** #define CYCLOCKSTART_32KHZ_ERROR 2u
 102:Generated_Source\PSoC4/cyfitter_cfg.c **** #define CYCLOCKSTART_PLL_ERROR   3u
 103:Generated_Source\PSoC4/cyfitter_cfg.c **** #define CYCLOCKSTART_FLL_ERROR   4u
 104:Generated_Source\PSoC4/cyfitter_cfg.c **** #define CYCLOCKSTART_WCO_ERROR   5u
 105:Generated_Source\PSoC4/cyfitter_cfg.c **** 
 106:Generated_Source\PSoC4/cyfitter_cfg.c **** 
 107:Generated_Source\PSoC4/cyfitter_cfg.c **** #ifdef CY_NEED_CYCLOCKSTARTUPERROR
 108:Generated_Source\PSoC4/cyfitter_cfg.c **** /*******************************************************************************
 109:Generated_Source\PSoC4/cyfitter_cfg.c **** * Function Name: CyClockStartupError
 110:Generated_Source\PSoC4/cyfitter_cfg.c **** ********************************************************************************
 111:Generated_Source\PSoC4/cyfitter_cfg.c **** * Summary:
 112:Generated_Source\PSoC4/cyfitter_cfg.c **** *  If an error is encountered during clock configuration (crystal startup error,
 113:Generated_Source\PSoC4/cyfitter_cfg.c **** *  PLL lock error, etc.), the system will end up here.  Unless reimplemented by
 114:Generated_Source\PSoC4/cyfitter_cfg.c **** *  the customer, this function will stop in an infinite loop.
 115:Generated_Source\PSoC4/cyfitter_cfg.c **** *
 116:Generated_Source\PSoC4/cyfitter_cfg.c **** * Parameters:
 117:Generated_Source\PSoC4/cyfitter_cfg.c **** *   void
 118:Generated_Source\PSoC4/cyfitter_cfg.c **** *
 119:Generated_Source\PSoC4/cyfitter_cfg.c **** * Return:
 120:Generated_Source\PSoC4/cyfitter_cfg.c **** *   void
 121:Generated_Source\PSoC4/cyfitter_cfg.c **** *
 122:Generated_Source\PSoC4/cyfitter_cfg.c **** *******************************************************************************/
 123:Generated_Source\PSoC4/cyfitter_cfg.c **** CY_CFG_UNUSED
 124:Generated_Source\PSoC4/cyfitter_cfg.c **** static void CyClockStartupError(uint8 errorCode);
 125:Generated_Source\PSoC4/cyfitter_cfg.c **** CY_CFG_UNUSED
 126:Generated_Source\PSoC4/cyfitter_cfg.c **** static void CyClockStartupError(uint8 errorCode)
 127:Generated_Source\PSoC4/cyfitter_cfg.c **** {
 128:Generated_Source\PSoC4/cyfitter_cfg.c ****     /* To remove the compiler warning if errorCode not used.                */
 129:Generated_Source\PSoC4/cyfitter_cfg.c ****     errorCode = errorCode;
 130:Generated_Source\PSoC4/cyfitter_cfg.c **** 
 131:Generated_Source\PSoC4/cyfitter_cfg.c ****     /* If we have a clock startup error (bad MHz crystal, PLL lock, etc.),  */
 132:Generated_Source\PSoC4/cyfitter_cfg.c ****     /* we will end up here to allow the customer to implement something to  */
 133:Generated_Source\PSoC4/cyfitter_cfg.c ****     /* deal with the clock condition.                                       */
 134:Generated_Source\PSoC4/cyfitter_cfg.c **** 
 135:Generated_Source\PSoC4/cyfitter_cfg.c **** #ifdef CY_CFG_CLOCK_STARTUP_ERROR_CALLBACK
 136:Generated_Source\PSoC4/cyfitter_cfg.c ****     CY_CFG_Clock_Startup_ErrorCallback();
 137:Generated_Source\PSoC4/cyfitter_cfg.c **** #else
 138:Generated_Source\PSoC4/cyfitter_cfg.c ****     /*  If not using CY_CFG_CLOCK_STARTUP_ERROR_CALLBACK, place your clock startup code here. */
 139:Generated_Source\PSoC4/cyfitter_cfg.c ****     /* `#START CyClockStartupError` */
 140:Generated_Source\PSoC4/cyfitter_cfg.c **** 
 141:Generated_Source\PSoC4/cyfitter_cfg.c **** 
 142:Generated_Source\PSoC4/cyfitter_cfg.c **** 
 143:Generated_Source\PSoC4/cyfitter_cfg.c ****     /* `#END` */
 144:Generated_Source\PSoC4/cyfitter_cfg.c **** 
ARM GAS  C:\Users\user\AppData\Local\Temp\ccrSRcAi.s 			page 4


 145:Generated_Source\PSoC4/cyfitter_cfg.c ****     while(1) {}
 146:Generated_Source\PSoC4/cyfitter_cfg.c **** #endif /* CY_CFG_CLOCK_STARTUP_ERROR_CALLBACK */
 147:Generated_Source\PSoC4/cyfitter_cfg.c **** }
 148:Generated_Source\PSoC4/cyfitter_cfg.c **** #endif
 149:Generated_Source\PSoC4/cyfitter_cfg.c **** 
 150:Generated_Source\PSoC4/cyfitter_cfg.c **** 
 151:Generated_Source\PSoC4/cyfitter_cfg.c **** 
 152:Generated_Source\PSoC4/cyfitter_cfg.c **** /*******************************************************************************
 153:Generated_Source\PSoC4/cyfitter_cfg.c **** * Function Name: ClockSetup
 154:Generated_Source\PSoC4/cyfitter_cfg.c **** ********************************************************************************
 155:Generated_Source\PSoC4/cyfitter_cfg.c **** *
 156:Generated_Source\PSoC4/cyfitter_cfg.c **** * Summary:
 157:Generated_Source\PSoC4/cyfitter_cfg.c **** *   Performs the initialization of all of the clocks in the device based on the
 158:Generated_Source\PSoC4/cyfitter_cfg.c **** *   settings in the Clock tab of the DWR.  This includes enabling the requested
 159:Generated_Source\PSoC4/cyfitter_cfg.c **** *   clocks and setting the necessary dividers to produce the desired frequency. 
 160:Generated_Source\PSoC4/cyfitter_cfg.c **** *
 161:Generated_Source\PSoC4/cyfitter_cfg.c **** * Parameters:
 162:Generated_Source\PSoC4/cyfitter_cfg.c **** *   void
 163:Generated_Source\PSoC4/cyfitter_cfg.c **** *
 164:Generated_Source\PSoC4/cyfitter_cfg.c **** * Return:
 165:Generated_Source\PSoC4/cyfitter_cfg.c **** *   void
 166:Generated_Source\PSoC4/cyfitter_cfg.c **** *
 167:Generated_Source\PSoC4/cyfitter_cfg.c **** *******************************************************************************/
 168:Generated_Source\PSoC4/cyfitter_cfg.c **** static void ClockSetup(void);
 169:Generated_Source\PSoC4/cyfitter_cfg.c **** CY_CFG_SECTION
 170:Generated_Source\PSoC4/cyfitter_cfg.c **** static void ClockSetup(void)
 171:Generated_Source\PSoC4/cyfitter_cfg.c **** {
 172:Generated_Source\PSoC4/cyfitter_cfg.c **** 
 173:Generated_Source\PSoC4/cyfitter_cfg.c **** 	/* Set Flash Cycles based on max possible frequency in case a glitch occurs during ClockSetup(). *
 174:Generated_Source\PSoC4/cyfitter_cfg.c **** 	CY_SET_REG32((void CYXDATA *)(CYREG_CPUSS_FLASH_CTL), (0x0012u));
 175:Generated_Source\PSoC4/cyfitter_cfg.c **** 
 176:Generated_Source\PSoC4/cyfitter_cfg.c **** 	/* Start the WCO */
 177:Generated_Source\PSoC4/cyfitter_cfg.c **** 	CySysClkWcoStart();
 178:Generated_Source\PSoC4/cyfitter_cfg.c **** 	CyDelayCycles(12000000u); /* WCO may take up to 500ms to start */
 179:Generated_Source\PSoC4/cyfitter_cfg.c **** 	(void)CySysClkWcoSetPowerMode(CY_SYS_CLK_WCO_LPM);    /* Switch to the low power mode */
 180:Generated_Source\PSoC4/cyfitter_cfg.c **** 
 181:Generated_Source\PSoC4/cyfitter_cfg.c **** 	/* Setup and trim IMO based on desired frequency. */
 182:Generated_Source\PSoC4/cyfitter_cfg.c **** 	CySysClkWriteImoFreq(48u);
 183:Generated_Source\PSoC4/cyfitter_cfg.c **** 	/* CYDEV_CLK_ILO_CONFIG Starting address: CYDEV_CLK_ILO_CONFIG */
 184:Generated_Source\PSoC4/cyfitter_cfg.c **** 	CY_SET_REG32((void *)(CYREG_CLK_ILO_CONFIG), 0x80000006u);
 185:Generated_Source\PSoC4/cyfitter_cfg.c **** 
 186:Generated_Source\PSoC4/cyfitter_cfg.c **** 	/* CYDEV_WDT_CONFIG Starting address: CYDEV_WDT_CONFIG */
 187:Generated_Source\PSoC4/cyfitter_cfg.c **** 	CY_SET_REG32((void *)(CYREG_WDT_CONFIG), 0x40000000u);
 188:Generated_Source\PSoC4/cyfitter_cfg.c **** 
 189:Generated_Source\PSoC4/cyfitter_cfg.c **** 
 190:Generated_Source\PSoC4/cyfitter_cfg.c **** 	/* Enable fast start mode for XO */
 191:Generated_Source\PSoC4/cyfitter_cfg.c **** 	CY_SET_REG32((void*)CYREG_BLE_BLERD_BB_XO, CY_GET_REG32((void*)CYREG_BLE_BLERD_BB_XO) | (uint32)0x
 192:Generated_Source\PSoC4/cyfitter_cfg.c **** 	CY_SET_REG32((void *)(CYREG_BLE_BLERD_BB_XO_CAPTRIM), 0x00002D6Au);
 193:Generated_Source\PSoC4/cyfitter_cfg.c **** 	/*Set XTAL(ECO) divider*/
 194:Generated_Source\PSoC4/cyfitter_cfg.c **** 	CY_SET_REG32((void *)(CYREG_BLE_BLESS_XTAL_CLK_DIV_CONFIG), 0x00000000u);
 195:Generated_Source\PSoC4/cyfitter_cfg.c **** 	/* Disable Crystal Stable Interrupt before enabling ECO */
 196:Generated_Source\PSoC4/cyfitter_cfg.c **** 	CY_SET_REG32((void*)CYREG_BLE_BLESS_LL_DSM_CTRL, CY_GET_REG32((void*)CYREG_BLE_BLESS_LL_DSM_CTRL) 
 197:Generated_Source\PSoC4/cyfitter_cfg.c **** 	/* Start the ECO and do not check status since it is not needed for HFCLK */
 198:Generated_Source\PSoC4/cyfitter_cfg.c **** 	(void)CySysClkEcoStart(2000u);
 199:Generated_Source\PSoC4/cyfitter_cfg.c **** 	CyDelayUs(1500u); /* Wait to stabilize */
 200:Generated_Source\PSoC4/cyfitter_cfg.c **** 
 201:Generated_Source\PSoC4/cyfitter_cfg.c **** 	/* Setup phase aligned clocks */
ARM GAS  C:\Users\user\AppData\Local\Temp\ccrSRcAi.s 			page 5


 202:Generated_Source\PSoC4/cyfitter_cfg.c **** 	CY_SET_REG32((void *)CYREG_PERI_DIV_16_CTL0, 0x00001900u);
 203:Generated_Source\PSoC4/cyfitter_cfg.c **** 	CY_SET_REG32((void *)CYREG_PERI_DIV_CMD, 0x8000FF40u);
 204:Generated_Source\PSoC4/cyfitter_cfg.c **** 
 205:Generated_Source\PSoC4/cyfitter_cfg.c **** 	/* CYDEV_CLK_IMO_CONFIG Starting address: CYDEV_CLK_IMO_CONFIG */
 206:Generated_Source\PSoC4/cyfitter_cfg.c **** 	CY_SET_REG32((void *)(CYREG_CLK_IMO_CONFIG), 0x80000000u);
 207:Generated_Source\PSoC4/cyfitter_cfg.c **** 
 208:Generated_Source\PSoC4/cyfitter_cfg.c **** 	/* CYDEV_CLK_SELECT Starting address: CYDEV_CLK_SELECT */
 209:Generated_Source\PSoC4/cyfitter_cfg.c **** 	CY_SET_REG32((void *)(CYREG_CLK_SELECT), 0x00080000u);
 210:Generated_Source\PSoC4/cyfitter_cfg.c **** 
 211:Generated_Source\PSoC4/cyfitter_cfg.c **** 	/* CYDEV_PERI_PCLK_CTL1 Starting address: CYDEV_PERI_PCLK_CTL1 */
 212:Generated_Source\PSoC4/cyfitter_cfg.c **** 	CY_SET_REG32((void *)(CYREG_PERI_PCLK_CTL1), 0x00000040u);
 213:Generated_Source\PSoC4/cyfitter_cfg.c **** 
 214:Generated_Source\PSoC4/cyfitter_cfg.c **** 	(void)CyIntSetVector(8u, &CySysWdtIsr);
 215:Generated_Source\PSoC4/cyfitter_cfg.c **** 	CyIntEnable(8u);
 216:Generated_Source\PSoC4/cyfitter_cfg.c **** 	CY_SET_REG32((void *)(CYREG_WDT_CONFIG), 0x4E010000u);
 217:Generated_Source\PSoC4/cyfitter_cfg.c **** 	CY_SET_REG32((void *)(CYREG_WDT_CONTROL), 0x00080000u);
 218:Generated_Source\PSoC4/cyfitter_cfg.c **** 	while ((CY_GET_XTND_REG32((void CYFAR *)(CYREG_WDT_CONTROL)) & 0x00080000u) != 0u) { }
 219:Generated_Source\PSoC4/cyfitter_cfg.c **** 	CY_SET_REG32((void *)(CYREG_WDT_CONTROL), 0x00010000u);
 220:Generated_Source\PSoC4/cyfitter_cfg.c **** }
 221:Generated_Source\PSoC4/cyfitter_cfg.c **** 
 222:Generated_Source\PSoC4/cyfitter_cfg.c **** 
 223:Generated_Source\PSoC4/cyfitter_cfg.c **** /* Analog API Functions */
 224:Generated_Source\PSoC4/cyfitter_cfg.c **** 
 225:Generated_Source\PSoC4/cyfitter_cfg.c **** 
 226:Generated_Source\PSoC4/cyfitter_cfg.c **** /*******************************************************************************
 227:Generated_Source\PSoC4/cyfitter_cfg.c **** * Function Name: AnalogSetDefault
 228:Generated_Source\PSoC4/cyfitter_cfg.c **** ********************************************************************************
 229:Generated_Source\PSoC4/cyfitter_cfg.c **** *
 230:Generated_Source\PSoC4/cyfitter_cfg.c **** * Summary:
 231:Generated_Source\PSoC4/cyfitter_cfg.c **** *  Sets up the analog portions of the chip to default values based on chip
 232:Generated_Source\PSoC4/cyfitter_cfg.c **** *  configuration options from the project.
 233:Generated_Source\PSoC4/cyfitter_cfg.c **** *
 234:Generated_Source\PSoC4/cyfitter_cfg.c **** * Parameters:
 235:Generated_Source\PSoC4/cyfitter_cfg.c **** *  void
 236:Generated_Source\PSoC4/cyfitter_cfg.c **** *
 237:Generated_Source\PSoC4/cyfitter_cfg.c **** * Return:
 238:Generated_Source\PSoC4/cyfitter_cfg.c **** *  void
 239:Generated_Source\PSoC4/cyfitter_cfg.c **** *
 240:Generated_Source\PSoC4/cyfitter_cfg.c **** *******************************************************************************/
 241:Generated_Source\PSoC4/cyfitter_cfg.c **** static void AnalogSetDefault(void);
 242:Generated_Source\PSoC4/cyfitter_cfg.c **** static void AnalogSetDefault(void)
 243:Generated_Source\PSoC4/cyfitter_cfg.c **** {
 244:Generated_Source\PSoC4/cyfitter_cfg.c **** 	CY_SET_XTND_REG32((void CYFAR *)CYREG_CTBM0_DFT_CTRL, 0x00000003u);
 245:Generated_Source\PSoC4/cyfitter_cfg.c **** 	CY_SET_XTND_REG32((void CYFAR *)CYREG_CTBM1_DFT_CTRL, 0x00000003u);
 246:Generated_Source\PSoC4/cyfitter_cfg.c **** 	CY_SET_XTND_REG32((void CYFAR *)CYREG_PASS_DSAB_DSAB_CTRL, 0x00000000u);
 247:Generated_Source\PSoC4/cyfitter_cfg.c **** }
 248:Generated_Source\PSoC4/cyfitter_cfg.c **** 
 249:Generated_Source\PSoC4/cyfitter_cfg.c **** 
 250:Generated_Source\PSoC4/cyfitter_cfg.c **** 
 251:Generated_Source\PSoC4/cyfitter_cfg.c **** 
 252:Generated_Source\PSoC4/cyfitter_cfg.c **** /*******************************************************************************
 253:Generated_Source\PSoC4/cyfitter_cfg.c **** * Function Name: cyfitter_cfg
 254:Generated_Source\PSoC4/cyfitter_cfg.c **** ********************************************************************************
 255:Generated_Source\PSoC4/cyfitter_cfg.c **** * Summary:
 256:Generated_Source\PSoC4/cyfitter_cfg.c **** *  This function is called by the start-up code for the selected device. It
 257:Generated_Source\PSoC4/cyfitter_cfg.c **** *  performs all of the necessary device configuration based on the design
 258:Generated_Source\PSoC4/cyfitter_cfg.c **** *  settings.  This includes settings from the Design Wide Resources (DWR) such
ARM GAS  C:\Users\user\AppData\Local\Temp\ccrSRcAi.s 			page 6


 259:Generated_Source\PSoC4/cyfitter_cfg.c **** *  as Clocks and Pins as well as any component configuration that is necessary.
 260:Generated_Source\PSoC4/cyfitter_cfg.c **** *
 261:Generated_Source\PSoC4/cyfitter_cfg.c **** * Parameters:
 262:Generated_Source\PSoC4/cyfitter_cfg.c **** *   void
 263:Generated_Source\PSoC4/cyfitter_cfg.c **** *
 264:Generated_Source\PSoC4/cyfitter_cfg.c **** * Return:
 265:Generated_Source\PSoC4/cyfitter_cfg.c **** *   void
 266:Generated_Source\PSoC4/cyfitter_cfg.c **** *
 267:Generated_Source\PSoC4/cyfitter_cfg.c **** *******************************************************************************/
 268:Generated_Source\PSoC4/cyfitter_cfg.c **** CY_CFG_SECTION
 269:Generated_Source\PSoC4/cyfitter_cfg.c **** void cyfitter_cfg(void)
 270:Generated_Source\PSoC4/cyfitter_cfg.c **** {
  28              		.loc 1 270 0
  29              		.cfi_startproc
  30              		@ args = 0, pretend = 0, frame = 0
  31              		@ frame_needed = 0, uses_anonymous_args = 0
  32 0000 F8B5     		push	{r3, r4, r5, r6, r7, lr}
  33              		.cfi_def_cfa_offset 24
  34              		.cfi_offset 3, -24
  35              		.cfi_offset 4, -20
  36              		.cfi_offset 5, -16
  37              		.cfi_offset 6, -12
  38              		.cfi_offset 7, -8
  39              		.cfi_offset 14, -4
 271:Generated_Source\PSoC4/cyfitter_cfg.c **** 	/* Disable interrupts by default. Let user enable if/when they want. */
 272:Generated_Source\PSoC4/cyfitter_cfg.c **** 	CyGlobalIntDisable;
  40              		.loc 1 272 0
  41              		.syntax divided
  42              	@ 272 "Generated_Source\PSoC4\cyfitter_cfg.c" 1
  43 0002 72B6     		CPSID   i
  44              	@ 0 "" 2
 273:Generated_Source\PSoC4/cyfitter_cfg.c **** 
 274:Generated_Source\PSoC4/cyfitter_cfg.c **** 	CY_SET_REG32((void *)(CYREG_BLE_BLESS_LL_DSM_CTRL), 0x00000000u);
  45              		.loc 1 274 0
  46              		.thumb
  47              		.syntax unified
  48 0004 0024     		movs	r4, #0
  49              	.LBB10:
  50              	.LBB11:
  51              	.LBB12:
  52              	.LBB13:
  78:Generated_Source\PSoC4/cyfitter_cfg.c **** }
  53              		.loc 1 78 0
  54 0006 8022     		movs	r2, #128
  55              	.LBE13:
  56              	.LBE12:
  57              	.LBE11:
  58              	.LBE10:
  59              		.loc 1 274 0
  60 0008 494D     		ldr	r5, .L5
  61              	.LBB20:
  62              	.LBB18:
  63              	.LBB16:
  64              	.LBB14:
  78:Generated_Source\PSoC4/cyfitter_cfg.c **** }
  65              		.loc 1 78 0
  66 000a 2100     		movs	r1, r4
ARM GAS  C:\Users\user\AppData\Local\Temp\ccrSRcAi.s 			page 7


  67              	.LBE14:
  68              	.LBE16:
  69              	.LBE18:
  70              	.LBE20:
  71              		.loc 1 274 0
  72 000c 2C60     		str	r4, [r5]
  73              	.LVL0:
  74              	.LBB21:
  75              	.LBB19:
  76              	.LBB17:
  77              	.LBB15:
  78:Generated_Source\PSoC4/cyfitter_cfg.c **** }
  78              		.loc 1 78 0
  79 000e D200     		lsls	r2, r2, #3
  80 0010 4848     		ldr	r0, .L5+4
  81 0012 FFF7FEFF 		bl	memset
  82              	.LVL1:
  83 0016 8022     		movs	r2, #128
  84 0018 2100     		movs	r1, r4
  85 001a D200     		lsls	r2, r2, #3
  86 001c 4648     		ldr	r0, .L5+8
  87 001e FFF7FEFF 		bl	memset
  88              	.LVL2:
  89              	.LBE15:
  90              	.LBE17:
  91              	.LBE19:
 275:Generated_Source\PSoC4/cyfitter_cfg.c **** 
 276:Generated_Source\PSoC4/cyfitter_cfg.c **** 	{
 277:Generated_Source\PSoC4/cyfitter_cfg.c **** 
 278:Generated_Source\PSoC4/cyfitter_cfg.c **** 		CYPACKED typedef struct {
 279:Generated_Source\PSoC4/cyfitter_cfg.c **** 			void CYFAR *address;
 280:Generated_Source\PSoC4/cyfitter_cfg.c **** 			uint16 size;
 281:Generated_Source\PSoC4/cyfitter_cfg.c **** 		} CYPACKED_ATTR cfg_memset_t;
 282:Generated_Source\PSoC4/cyfitter_cfg.c **** 
 283:Generated_Source\PSoC4/cyfitter_cfg.c **** 		static const cfg_memset_t CYCODE cfg_memset_list[] = {
 284:Generated_Source\PSoC4/cyfitter_cfg.c **** 			/* address, size */
 285:Generated_Source\PSoC4/cyfitter_cfg.c **** 			{(void CYFAR *)(CYDEV_UDB_P0_U0_BASE), 1024u},
 286:Generated_Source\PSoC4/cyfitter_cfg.c **** 			{(void CYFAR *)(CYDEV_UDB_DSI0_BASE), 1024u},
 287:Generated_Source\PSoC4/cyfitter_cfg.c **** 		};
 288:Generated_Source\PSoC4/cyfitter_cfg.c **** 
 289:Generated_Source\PSoC4/cyfitter_cfg.c **** 		uint8 CYDATA i;
 290:Generated_Source\PSoC4/cyfitter_cfg.c **** 
 291:Generated_Source\PSoC4/cyfitter_cfg.c **** 		/* Zero out critical memory blocks before beginning configuration */
 292:Generated_Source\PSoC4/cyfitter_cfg.c **** 		for (i = 0u; i < (sizeof(cfg_memset_list)/sizeof(cfg_memset_list[0])); i++)
 293:Generated_Source\PSoC4/cyfitter_cfg.c **** 		{
 294:Generated_Source\PSoC4/cyfitter_cfg.c **** 			const cfg_memset_t CYCODE * CYDATA ms = &cfg_memset_list[i];
 295:Generated_Source\PSoC4/cyfitter_cfg.c **** 			CYMEMZERO(ms->address, (size_t)(uint32)(ms->size));
 296:Generated_Source\PSoC4/cyfitter_cfg.c **** 		}
 297:Generated_Source\PSoC4/cyfitter_cfg.c **** 
 298:Generated_Source\PSoC4/cyfitter_cfg.c **** 		/* HSIOM Starting address: CYDEV_HSIOM_BASE */
 299:Generated_Source\PSoC4/cyfitter_cfg.c **** 		CY_SET_REG32((void *)(CYDEV_HSIOM_BASE), 0xEE000000u);
  92              		.loc 1 299 0
  93 0022 EE22     		movs	r2, #238
  94 0024 454B     		ldr	r3, .L5+12
  95 0026 1206     		lsls	r2, r2, #24
  96 0028 1A60     		str	r2, [r3]
 300:Generated_Source\PSoC4/cyfitter_cfg.c **** 		CY_SET_REG32((void *)(CYREG_HSIOM_PORT_SEL1), 0x00990000u);
ARM GAS  C:\Users\user\AppData\Local\Temp\ccrSRcAi.s 			page 8


  97              		.loc 1 300 0
  98 002a 9923     		movs	r3, #153
 301:Generated_Source\PSoC4/cyfitter_cfg.c **** 
 302:Generated_Source\PSoC4/cyfitter_cfg.c **** 		/* UDB_PA_0 Starting address: CYDEV_UDB_PA0_BASE */
 303:Generated_Source\PSoC4/cyfitter_cfg.c **** 		CY_SET_REG32((void *)(CYDEV_UDB_PA0_BASE), 0x00990000u);
 304:Generated_Source\PSoC4/cyfitter_cfg.c **** 
 305:Generated_Source\PSoC4/cyfitter_cfg.c **** 		/* UDB_PA_1 Starting address: CYDEV_UDB_PA1_BASE */
 306:Generated_Source\PSoC4/cyfitter_cfg.c **** 		CY_SET_REG32((void *)(CYDEV_UDB_PA1_BASE), 0x00990000u);
 307:Generated_Source\PSoC4/cyfitter_cfg.c **** 
 308:Generated_Source\PSoC4/cyfitter_cfg.c **** 		/* UDB_PA_2 Starting address: CYDEV_UDB_PA2_BASE */
 309:Generated_Source\PSoC4/cyfitter_cfg.c **** 		CY_SET_REG32((void *)(CYDEV_UDB_PA2_BASE), 0x00990000u);
 310:Generated_Source\PSoC4/cyfitter_cfg.c **** 
 311:Generated_Source\PSoC4/cyfitter_cfg.c **** 		/* UDB_PA_3 Starting address: CYDEV_UDB_PA3_BASE */
 312:Generated_Source\PSoC4/cyfitter_cfg.c **** 		CY_SET_REG32((void *)(CYDEV_UDB_PA3_BASE), 0x00990000u);
 313:Generated_Source\PSoC4/cyfitter_cfg.c **** 
 314:Generated_Source\PSoC4/cyfitter_cfg.c **** 		/* Enable digital routing */
 315:Generated_Source\PSoC4/cyfitter_cfg.c **** 		CY_SET_XTND_REG8((void *)CYREG_UDB_UDBIF_BANK_CTL, (uint8)(CY_GET_XTND_REG8((void *)CYREG_UDB_UDB
  99              		.loc 1 315 0
 100 002c 0621     		movs	r1, #6
 300:Generated_Source\PSoC4/cyfitter_cfg.c **** 		CY_SET_REG32((void *)(CYREG_HSIOM_PORT_SEL1), 0x00990000u);
 101              		.loc 1 300 0
 102 002e 444A     		ldr	r2, .L5+16
 103 0030 1B04     		lsls	r3, r3, #16
 104 0032 1360     		str	r3, [r2]
 303:Generated_Source\PSoC4/cyfitter_cfg.c **** 
 105              		.loc 1 303 0
 106 0034 434A     		ldr	r2, .L5+20
 107              	.LBE21:
 316:Generated_Source\PSoC4/cyfitter_cfg.c **** 	}
 317:Generated_Source\PSoC4/cyfitter_cfg.c **** 
 318:Generated_Source\PSoC4/cyfitter_cfg.c **** 	/* Perform second pass device configuration. These items must be configured in specific order afte
 319:Generated_Source\PSoC4/cyfitter_cfg.c **** 	/* IOPINS0_0 Starting address: CYDEV_GPIO_PRT0_BASE */
 320:Generated_Source\PSoC4/cyfitter_cfg.c **** 	CY_SET_REG32((void *)(CYREG_GPIO_PRT0_PC), 0x00D80000u);
 321:Generated_Source\PSoC4/cyfitter_cfg.c **** 
 322:Generated_Source\PSoC4/cyfitter_cfg.c **** 	/* IOPINS0_1 Starting address: CYDEV_GPIO_PRT1_BASE */
 323:Generated_Source\PSoC4/cyfitter_cfg.c **** 	CY_SET_REG32((void *)(CYDEV_GPIO_PRT1_BASE), 0x00000020u);
 324:Generated_Source\PSoC4/cyfitter_cfg.c **** 	CY_SET_REG32((void *)(CYREG_GPIO_PRT1_PC), 0x00031000u);
 108              		.loc 1 324 0
 109 0036 C420     		movs	r0, #196
 110              	.LBB22:
 303:Generated_Source\PSoC4/cyfitter_cfg.c **** 
 111              		.loc 1 303 0
 112 0038 1360     		str	r3, [r2]
 306:Generated_Source\PSoC4/cyfitter_cfg.c **** 
 113              		.loc 1 306 0
 114 003a 434A     		ldr	r2, .L5+24
 115              	.LBE22:
 116              		.loc 1 324 0
 117 003c 8002     		lsls	r0, r0, #10
 118              	.LBB23:
 306:Generated_Source\PSoC4/cyfitter_cfg.c **** 
 119              		.loc 1 306 0
 120 003e 1360     		str	r3, [r2]
 309:Generated_Source\PSoC4/cyfitter_cfg.c **** 
 121              		.loc 1 309 0
 122 0040 424A     		ldr	r2, .L5+28
 123              	.LBE23:
ARM GAS  C:\Users\user\AppData\Local\Temp\ccrSRcAi.s 			page 9


 124              	.LBB24:
 125              	.LBB25:
 196:Generated_Source\PSoC4/cyfitter_cfg.c **** 	/* Start the ECO and do not check status since it is not needed for HFCLK */
 126              		.loc 1 196 0
 127 0042 0827     		movs	r7, #8
 128              	.LBE25:
 129              	.LBE24:
 130              	.LBB28:
 309:Generated_Source\PSoC4/cyfitter_cfg.c **** 
 131              		.loc 1 309 0
 132 0044 1360     		str	r3, [r2]
 312:Generated_Source\PSoC4/cyfitter_cfg.c **** 
 133              		.loc 1 312 0
 134 0046 424A     		ldr	r2, .L5+32
 135              	.LBE28:
 136              	.LBB29:
 137              	.LBB26:
 187:Generated_Source\PSoC4/cyfitter_cfg.c **** 
 138              		.loc 1 187 0
 139 0048 424E     		ldr	r6, .L5+36
 140              	.LBE26:
 141              	.LBE29:
 142              	.LBB30:
 312:Generated_Source\PSoC4/cyfitter_cfg.c **** 
 143              		.loc 1 312 0
 144 004a 1360     		str	r3, [r2]
 315:Generated_Source\PSoC4/cyfitter_cfg.c **** 	}
 145              		.loc 1 315 0
 146 004c 424A     		ldr	r2, .L5+40
 147 004e 1378     		ldrb	r3, [r2]
 148 0050 0B43     		orrs	r3, r1
 149 0052 1370     		strb	r3, [r2]
 150              	.LBE30:
 320:Generated_Source\PSoC4/cyfitter_cfg.c **** 
 151              		.loc 1 320 0
 152 0054 D823     		movs	r3, #216
 153 0056 414A     		ldr	r2, .L5+44
 154 0058 1B04     		lsls	r3, r3, #16
 155 005a 1360     		str	r3, [r2]
 323:Generated_Source\PSoC4/cyfitter_cfg.c **** 	CY_SET_REG32((void *)(CYREG_GPIO_PRT1_PC), 0x00031000u);
 156              		.loc 1 323 0
 157 005c 2022     		movs	r2, #32
 158 005e 4049     		ldr	r1, .L5+48
 159 0060 0A60     		str	r2, [r1]
 160              		.loc 1 324 0
 161 0062 4049     		ldr	r1, .L5+52
 162 0064 0860     		str	r0, [r1]
 325:Generated_Source\PSoC4/cyfitter_cfg.c **** 	CY_SET_REG32((void *)(CYREG_GPIO_PRT1_PC2), 0x00000020u);
 163              		.loc 1 325 0
 164 0066 4049     		ldr	r1, .L5+56
 165 0068 0A60     		str	r2, [r1]
 326:Generated_Source\PSoC4/cyfitter_cfg.c **** 
 327:Generated_Source\PSoC4/cyfitter_cfg.c **** 	/* IOPINS0_2 Starting address: CYDEV_GPIO_PRT2_BASE */
 328:Generated_Source\PSoC4/cyfitter_cfg.c **** 	CY_SET_REG32((void *)(CYDEV_GPIO_PRT2_BASE), 0x00000080u);
 166              		.loc 1 328 0
 167 006a 8021     		movs	r1, #128
 168 006c 3F4A     		ldr	r2, .L5+60
ARM GAS  C:\Users\user\AppData\Local\Temp\ccrSRcAi.s 			page 10


 169 006e 1160     		str	r1, [r2]
 329:Generated_Source\PSoC4/cyfitter_cfg.c **** 	CY_SET_REG32((void *)(CYREG_GPIO_PRT2_PC), 0x00580000u);
 170              		.loc 1 329 0
 171 0070 B021     		movs	r1, #176
 172 0072 3F4A     		ldr	r2, .L5+64
 173 0074 C903     		lsls	r1, r1, #15
 174 0076 1160     		str	r1, [r2]
 330:Generated_Source\PSoC4/cyfitter_cfg.c **** 	CY_SET_REG32((void *)(CYREG_GPIO_PRT2_INTR_CFG), 0x00008000u);
 175              		.loc 1 330 0
 176 0078 8021     		movs	r1, #128
 177 007a 3E4A     		ldr	r2, .L5+68
 178 007c 0902     		lsls	r1, r1, #8
 179 007e 1160     		str	r1, [r2]
 331:Generated_Source\PSoC4/cyfitter_cfg.c **** 
 332:Generated_Source\PSoC4/cyfitter_cfg.c **** 	/* IOPINS0_3 Starting address: CYDEV_GPIO_PRT3_BASE */
 333:Generated_Source\PSoC4/cyfitter_cfg.c **** 	CY_SET_REG32((void *)(CYREG_GPIO_PRT3_PC), 0x00D80000u);
 180              		.loc 1 333 0
 181 0080 3D4A     		ldr	r2, .L5+72
 182 0082 1360     		str	r3, [r2]
 183              	.LBB31:
 184              	.LBB27:
 174:Generated_Source\PSoC4/cyfitter_cfg.c **** 
 185              		.loc 1 174 0
 186 0084 1222     		movs	r2, #18
 187 0086 3D4B     		ldr	r3, .L5+76
 188 0088 1A60     		str	r2, [r3]
 177:Generated_Source\PSoC4/cyfitter_cfg.c **** 	CyDelayCycles(12000000u); /* WCO may take up to 500ms to start */
 189              		.loc 1 177 0
 190 008a FFF7FEFF 		bl	CySysClkWcoStart
 191              	.LVL3:
 178:Generated_Source\PSoC4/cyfitter_cfg.c **** 	(void)CySysClkWcoSetPowerMode(CY_SYS_CLK_WCO_LPM);    /* Switch to the low power mode */
 192              		.loc 1 178 0
 193 008e 3C48     		ldr	r0, .L5+80
 194 0090 FFF7FEFF 		bl	CyDelayCycles
 195              	.LVL4:
 179:Generated_Source\PSoC4/cyfitter_cfg.c **** 
 196              		.loc 1 179 0
 197 0094 0120     		movs	r0, #1
 198 0096 FFF7FEFF 		bl	CySysClkWcoSetPowerMode
 199              	.LVL5:
 182:Generated_Source\PSoC4/cyfitter_cfg.c **** 	/* CYDEV_CLK_ILO_CONFIG Starting address: CYDEV_CLK_ILO_CONFIG */
 200              		.loc 1 182 0
 201 009a 3020     		movs	r0, #48
 202 009c FFF7FEFF 		bl	CySysClkWriteImoFreq
 203              	.LVL6:
 184:Generated_Source\PSoC4/cyfitter_cfg.c **** 
 204              		.loc 1 184 0
 205 00a0 384A     		ldr	r2, .L5+84
 206 00a2 394B     		ldr	r3, .L5+88
 191:Generated_Source\PSoC4/cyfitter_cfg.c **** 	CY_SET_REG32((void *)(CYREG_BLE_BLERD_BB_XO_CAPTRIM), 0x00002D6Au);
 207              		.loc 1 191 0
 208 00a4 0221     		movs	r1, #2
 184:Generated_Source\PSoC4/cyfitter_cfg.c **** 
 209              		.loc 1 184 0
 210 00a6 1A60     		str	r2, [r3]
 187:Generated_Source\PSoC4/cyfitter_cfg.c **** 
 211              		.loc 1 187 0
ARM GAS  C:\Users\user\AppData\Local\Temp\ccrSRcAi.s 			page 11


 212 00a8 8023     		movs	r3, #128
 198:Generated_Source\PSoC4/cyfitter_cfg.c **** 	CyDelayUs(1500u); /* Wait to stabilize */
 213              		.loc 1 198 0
 214 00aa FA20     		movs	r0, #250
 191:Generated_Source\PSoC4/cyfitter_cfg.c **** 	CY_SET_REG32((void *)(CYREG_BLE_BLERD_BB_XO_CAPTRIM), 0x00002D6Au);
 215              		.loc 1 191 0
 216 00ac 374A     		ldr	r2, .L5+92
 187:Generated_Source\PSoC4/cyfitter_cfg.c **** 
 217              		.loc 1 187 0
 218 00ae DB05     		lsls	r3, r3, #23
 219 00b0 3360     		str	r3, [r6]
 191:Generated_Source\PSoC4/cyfitter_cfg.c **** 	CY_SET_REG32((void *)(CYREG_BLE_BLERD_BB_XO_CAPTRIM), 0x00002D6Au);
 220              		.loc 1 191 0
 221 00b2 1368     		ldr	r3, [r2]
 198:Generated_Source\PSoC4/cyfitter_cfg.c **** 	CyDelayUs(1500u); /* Wait to stabilize */
 222              		.loc 1 198 0
 223 00b4 C000     		lsls	r0, r0, #3
 191:Generated_Source\PSoC4/cyfitter_cfg.c **** 	CY_SET_REG32((void *)(CYREG_BLE_BLERD_BB_XO_CAPTRIM), 0x00002D6Au);
 224              		.loc 1 191 0
 225 00b6 0B43     		orrs	r3, r1
 226 00b8 1360     		str	r3, [r2]
 192:Generated_Source\PSoC4/cyfitter_cfg.c **** 	/*Set XTAL(ECO) divider*/
 227              		.loc 1 192 0
 228 00ba 354A     		ldr	r2, .L5+96
 229 00bc 354B     		ldr	r3, .L5+100
 230 00be 1A60     		str	r2, [r3]
 194:Generated_Source\PSoC4/cyfitter_cfg.c **** 	/* Disable Crystal Stable Interrupt before enabling ECO */
 231              		.loc 1 194 0
 232 00c0 354B     		ldr	r3, .L5+104
 233 00c2 1C60     		str	r4, [r3]
 196:Generated_Source\PSoC4/cyfitter_cfg.c **** 	/* Start the ECO and do not check status since it is not needed for HFCLK */
 234              		.loc 1 196 0
 235 00c4 2B68     		ldr	r3, [r5]
 209:Generated_Source\PSoC4/cyfitter_cfg.c **** 
 236              		.loc 1 209 0
 237 00c6 8024     		movs	r4, #128
 196:Generated_Source\PSoC4/cyfitter_cfg.c **** 	/* Start the ECO and do not check status since it is not needed for HFCLK */
 238              		.loc 1 196 0
 239 00c8 BB43     		bics	r3, r7
 240 00ca 2B60     		str	r3, [r5]
 198:Generated_Source\PSoC4/cyfitter_cfg.c **** 	CyDelayUs(1500u); /* Wait to stabilize */
 241              		.loc 1 198 0
 242 00cc FFF7FEFF 		bl	CySysClkEcoStart
 243              	.LVL7:
 199:Generated_Source\PSoC4/cyfitter_cfg.c **** 
 244              		.loc 1 199 0
 245 00d0 3248     		ldr	r0, .L5+108
 246 00d2 FFF7FEFF 		bl	CyDelayUs
 247              	.LVL8:
 202:Generated_Source\PSoC4/cyfitter_cfg.c **** 	CY_SET_REG32((void *)CYREG_PERI_DIV_CMD, 0x8000FF40u);
 248              		.loc 1 202 0
 249 00d6 C822     		movs	r2, #200
 250 00d8 314B     		ldr	r3, .L5+112
 251 00da 5201     		lsls	r2, r2, #5
 252 00dc 1A60     		str	r2, [r3]
 203:Generated_Source\PSoC4/cyfitter_cfg.c **** 
 253              		.loc 1 203 0
ARM GAS  C:\Users\user\AppData\Local\Temp\ccrSRcAi.s 			page 12


 254 00de 314A     		ldr	r2, .L5+116
 255 00e0 314B     		ldr	r3, .L5+120
 209:Generated_Source\PSoC4/cyfitter_cfg.c **** 
 256              		.loc 1 209 0
 257 00e2 2403     		lsls	r4, r4, #12
 203:Generated_Source\PSoC4/cyfitter_cfg.c **** 
 258              		.loc 1 203 0
 259 00e4 1A60     		str	r2, [r3]
 206:Generated_Source\PSoC4/cyfitter_cfg.c **** 
 260              		.loc 1 206 0
 261 00e6 8022     		movs	r2, #128
 262 00e8 304B     		ldr	r3, .L5+124
 263 00ea 1206     		lsls	r2, r2, #24
 264 00ec 1A60     		str	r2, [r3]
 212:Generated_Source\PSoC4/cyfitter_cfg.c **** 
 265              		.loc 1 212 0
 266 00ee 4022     		movs	r2, #64
 209:Generated_Source\PSoC4/cyfitter_cfg.c **** 
 267              		.loc 1 209 0
 268 00f0 2F4B     		ldr	r3, .L5+128
 214:Generated_Source\PSoC4/cyfitter_cfg.c **** 	CyIntEnable(8u);
 269              		.loc 1 214 0
 270 00f2 3049     		ldr	r1, .L5+132
 209:Generated_Source\PSoC4/cyfitter_cfg.c **** 
 271              		.loc 1 209 0
 272 00f4 1C60     		str	r4, [r3]
 212:Generated_Source\PSoC4/cyfitter_cfg.c **** 
 273              		.loc 1 212 0
 274 00f6 304B     		ldr	r3, .L5+136
 214:Generated_Source\PSoC4/cyfitter_cfg.c **** 	CyIntEnable(8u);
 275              		.loc 1 214 0
 276 00f8 3800     		movs	r0, r7
 212:Generated_Source\PSoC4/cyfitter_cfg.c **** 
 277              		.loc 1 212 0
 278 00fa 1A60     		str	r2, [r3]
 214:Generated_Source\PSoC4/cyfitter_cfg.c **** 	CyIntEnable(8u);
 279              		.loc 1 214 0
 280 00fc FFF7FEFF 		bl	CyIntSetVector
 281              	.LVL9:
 215:Generated_Source\PSoC4/cyfitter_cfg.c **** 	CY_SET_REG32((void *)(CYREG_WDT_CONFIG), 0x4E010000u);
 282              		.loc 1 215 0
 283 0100 3800     		movs	r0, r7
 284 0102 FFF7FEFF 		bl	CyIntEnable
 285              	.LVL10:
 216:Generated_Source\PSoC4/cyfitter_cfg.c **** 	CY_SET_REG32((void *)(CYREG_WDT_CONTROL), 0x00080000u);
 286              		.loc 1 216 0
 287 0106 2D4B     		ldr	r3, .L5+140
 288 0108 3360     		str	r3, [r6]
 217:Generated_Source\PSoC4/cyfitter_cfg.c **** 	while ((CY_GET_XTND_REG32((void CYFAR *)(CYREG_WDT_CONTROL)) & 0x00080000u) != 0u) { }
 289              		.loc 1 217 0
 290 010a 2D4B     		ldr	r3, .L5+144
 291 010c 1A00     		movs	r2, r3
 292 010e 1C60     		str	r4, [r3]
 293              	.L2:
 218:Generated_Source\PSoC4/cyfitter_cfg.c **** 	CY_SET_REG32((void *)(CYREG_WDT_CONTROL), 0x00010000u);
 294              		.loc 1 218 0
 295 0110 1368     		ldr	r3, [r2]
ARM GAS  C:\Users\user\AppData\Local\Temp\ccrSRcAi.s 			page 13


 296 0112 2340     		ands	r3, r4
 297 0114 FCD1     		bne	.L2
 219:Generated_Source\PSoC4/cyfitter_cfg.c **** }
 298              		.loc 1 219 0
 299 0116 8021     		movs	r1, #128
 300 0118 294A     		ldr	r2, .L5+144
 301 011a 4902     		lsls	r1, r1, #9
 302 011c 1160     		str	r1, [r2]
 303              	.LBE27:
 304              	.LBE31:
 305              	.LBB32:
 306              	.LBB33:
 244:Generated_Source\PSoC4/cyfitter_cfg.c **** 	CY_SET_XTND_REG32((void CYFAR *)CYREG_CTBM1_DFT_CTRL, 0x00000003u);
 307              		.loc 1 244 0
 308 011e 0322     		movs	r2, #3
 309 0120 2849     		ldr	r1, .L5+148
 310              	.LBE33:
 311              	.LBE32:
 334:Generated_Source\PSoC4/cyfitter_cfg.c **** 
 335:Generated_Source\PSoC4/cyfitter_cfg.c **** 
 336:Generated_Source\PSoC4/cyfitter_cfg.c **** 	/* Setup clocks based on selections from Clock DWR */
 337:Generated_Source\PSoC4/cyfitter_cfg.c **** 	ClockSetup();
 338:Generated_Source\PSoC4/cyfitter_cfg.c **** 
 339:Generated_Source\PSoC4/cyfitter_cfg.c **** 	/* Perform basic analog initialization to defaults */
 340:Generated_Source\PSoC4/cyfitter_cfg.c **** 	AnalogSetDefault();
 341:Generated_Source\PSoC4/cyfitter_cfg.c **** 
 342:Generated_Source\PSoC4/cyfitter_cfg.c **** }
 312              		.loc 1 342 0
 313              		@ sp needed
 314              	.LBB35:
 315              	.LBB34:
 244:Generated_Source\PSoC4/cyfitter_cfg.c **** 	CY_SET_XTND_REG32((void CYFAR *)CYREG_CTBM1_DFT_CTRL, 0x00000003u);
 316              		.loc 1 244 0
 317 0122 0A60     		str	r2, [r1]
 245:Generated_Source\PSoC4/cyfitter_cfg.c **** 	CY_SET_XTND_REG32((void CYFAR *)CYREG_PASS_DSAB_DSAB_CTRL, 0x00000000u);
 318              		.loc 1 245 0
 319 0124 2849     		ldr	r1, .L5+152
 320 0126 0A60     		str	r2, [r1]
 246:Generated_Source\PSoC4/cyfitter_cfg.c **** }
 321              		.loc 1 246 0
 322 0128 284A     		ldr	r2, .L5+156
 323 012a 1360     		str	r3, [r2]
 324              	.LBE34:
 325              	.LBE35:
 326              		.loc 1 342 0
 327 012c F8BD     		pop	{r3, r4, r5, r6, r7, pc}
 328              	.L6:
 329 012e C046     		.align	2
 330              	.L5:
 331 0130 6CF02E40 		.word	1076818028
 332 0134 00300F40 		.word	1074737152
 333 0138 00400F40 		.word	1074741248
 334 013c 00000240 		.word	1073872896
 335 0140 00010240 		.word	1073873152
 336 0144 00500F40 		.word	1074745344
 337 0148 10500F40 		.word	1074745360
 338 014c 20500F40 		.word	1074745376
ARM GAS  C:\Users\user\AppData\Local\Temp\ccrSRcAi.s 			page 14


 339 0150 30500F40 		.word	1074745392
 340 0154 0C020B40 		.word	1074463244
 341 0158 00700F40 		.word	1074753536
 342 015c 08000440 		.word	1074003976
 343 0160 00010440 		.word	1074004224
 344 0164 08010440 		.word	1074004232
 345 0168 18010440 		.word	1074004248
 346 016c 00020440 		.word	1074004480
 347 0170 08020440 		.word	1074004488
 348 0174 0C020440 		.word	1074004492
 349 0178 08030440 		.word	1074004744
 350 017c 30001040 		.word	1074790448
 351 0180 001BB700 		.word	12000000
 352 0184 06000080 		.word	-2147483642
 353 0188 04010B40 		.word	1074462980
 354 018c 78002E40 		.word	1076756600
 355 0190 6A2D0000 		.word	11626
 356 0194 7C002E40 		.word	1076756604
 357 0198 64F02E40 		.word	1076818020
 358 019c DC050000 		.word	1500
 359 01a0 00030140 		.word	1073808128
 360 01a4 40FF0080 		.word	-2147418304
 361 01a8 00000140 		.word	1073807360
 362 01ac 08010B40 		.word	1074462984
 363 01b0 00010B40 		.word	1074462976
 364 01b4 00000000 		.word	CySysWdtIsr
 365 01b8 04010140 		.word	1073807620
 366 01bc 0000014E 		.word	1308688384
 367 01c0 10020B40 		.word	1074463248
 368 01c4 30003040 		.word	1076887600
 369 01c8 30003140 		.word	1076953136
 370 01cc 000E3F40 		.word	1077874176
 371              		.cfi_endproc
 372              	.LFE7:
 373              		.size	cyfitter_cfg, .-cyfitter_cfg
 374              		.text
 375              	.Letext0:
 376              		.file 2 "c:\\program files (x86)\\cypress\\psoc creator\\4.4\\psoc creator\\import\\gnu\\arm\\5.4.
 377              		.file 3 "Generated_Source\\PSoC4\\cytypes.h"
 378              		.file 4 "Generated_Source\\PSoC4\\CyLFClk.h"
 379              		.file 5 "Generated_Source\\PSoC4\\CyLib.h"
 380              		.section	.debug_info,"",%progbits
 381              	.Ldebug_info0:
 382 0000 3C030000 		.4byte	0x33c
 383 0004 0400     		.2byte	0x4
 384 0006 00000000 		.4byte	.Ldebug_abbrev0
 385 000a 04       		.byte	0x4
 386 000b 01       		.uleb128 0x1
 387 000c 68020000 		.4byte	.LASF34
 388 0010 0C       		.byte	0xc
 389 0011 42020000 		.4byte	.LASF35
 390 0015 F3000000 		.4byte	.LASF36
 391 0019 98000000 		.4byte	.Ldebug_ranges0+0x98
 392 001d 00000000 		.4byte	0
 393 0021 00000000 		.4byte	.Ldebug_line0
 394 0025 02       		.uleb128 0x2
 395 0026 04       		.byte	0x4
ARM GAS  C:\Users\user\AppData\Local\Temp\ccrSRcAi.s 			page 15


 396 0027 05       		.byte	0x5
 397 0028 696E7400 		.ascii	"int\000"
 398 002c 03       		.uleb128 0x3
 399 002d 14000000 		.4byte	.LASF12
 400 0031 02       		.byte	0x2
 401 0032 D8       		.byte	0xd8
 402 0033 37000000 		.4byte	0x37
 403 0037 04       		.uleb128 0x4
 404 0038 04       		.byte	0x4
 405 0039 07       		.byte	0x7
 406 003a 85010000 		.4byte	.LASF0
 407 003e 04       		.uleb128 0x4
 408 003f 08       		.byte	0x8
 409 0040 05       		.byte	0x5
 410 0041 D4010000 		.4byte	.LASF1
 411 0045 04       		.uleb128 0x4
 412 0046 08       		.byte	0x8
 413 0047 04       		.byte	0x4
 414 0048 2A020000 		.4byte	.LASF2
 415 004c 04       		.uleb128 0x4
 416 004d 01       		.byte	0x1
 417 004e 06       		.byte	0x6
 418 004f 36020000 		.4byte	.LASF3
 419 0053 04       		.uleb128 0x4
 420 0054 01       		.byte	0x1
 421 0055 08       		.byte	0x8
 422 0056 C4000000 		.4byte	.LASF4
 423 005a 04       		.uleb128 0x4
 424 005b 02       		.byte	0x2
 425 005c 05       		.byte	0x5
 426 005d 02020000 		.4byte	.LASF5
 427 0061 04       		.uleb128 0x4
 428 0062 02       		.byte	0x2
 429 0063 07       		.byte	0x7
 430 0064 56000000 		.4byte	.LASF6
 431 0068 04       		.uleb128 0x4
 432 0069 04       		.byte	0x4
 433 006a 05       		.byte	0x5
 434 006b 21020000 		.4byte	.LASF7
 435 006f 04       		.uleb128 0x4
 436 0070 04       		.byte	0x4
 437 0071 07       		.byte	0x7
 438 0072 91000000 		.4byte	.LASF8
 439 0076 04       		.uleb128 0x4
 440 0077 08       		.byte	0x8
 441 0078 07       		.byte	0x7
 442 0079 A7010000 		.4byte	.LASF9
 443 007d 04       		.uleb128 0x4
 444 007e 04       		.byte	0x4
 445 007f 07       		.byte	0x7
 446 0080 CB010000 		.4byte	.LASF10
 447 0084 05       		.uleb128 0x5
 448 0085 04       		.byte	0x4
 449 0086 04       		.uleb128 0x4
 450 0087 01       		.byte	0x1
 451 0088 08       		.byte	0x8
 452 0089 EC010000 		.4byte	.LASF11
ARM GAS  C:\Users\user\AppData\Local\Temp\ccrSRcAi.s 			page 16


 453 008d 06       		.uleb128 0x6
 454 008e A3000000 		.4byte	.LASF13
 455 0092 03       		.byte	0x3
 456 0093 FC01     		.2byte	0x1fc
 457 0095 53000000 		.4byte	0x53
 458 0099 06       		.uleb128 0x6
 459 009a EC000000 		.4byte	.LASF14
 460 009e 03       		.byte	0x3
 461 009f FD01     		.2byte	0x1fd
 462 00a1 61000000 		.4byte	0x61
 463 00a5 06       		.uleb128 0x6
 464 00a6 7E010000 		.4byte	.LASF15
 465 00aa 03       		.byte	0x3
 466 00ab FE01     		.2byte	0x1fe
 467 00ad 6F000000 		.4byte	0x6f
 468 00b1 04       		.uleb128 0x4
 469 00b2 04       		.byte	0x4
 470 00b3 04       		.byte	0x4
 471 00b4 69000000 		.4byte	.LASF16
 472 00b8 04       		.uleb128 0x4
 473 00b9 08       		.byte	0x8
 474 00ba 04       		.byte	0x4
 475 00bb D9000000 		.4byte	.LASF17
 476 00bf 06       		.uleb128 0x6
 477 00c0 8C000000 		.4byte	.LASF18
 478 00c4 03       		.byte	0x3
 479 00c5 A602     		.2byte	0x2a6
 480 00c7 CB000000 		.4byte	0xcb
 481 00cb 07       		.uleb128 0x7
 482 00cc 8D000000 		.4byte	0x8d
 483 00d0 06       		.uleb128 0x6
 484 00d1 0E000000 		.4byte	.LASF19
 485 00d5 03       		.byte	0x3
 486 00d6 A802     		.2byte	0x2a8
 487 00d8 DC000000 		.4byte	0xdc
 488 00dc 07       		.uleb128 0x7
 489 00dd A5000000 		.4byte	0xa5
 490 00e1 08       		.uleb128 0x8
 491 00e2 BA000000 		.4byte	.LASF37
 492 00e6 01       		.byte	0x1
 493 00e7 4C       		.byte	0x4c
 494 00e8 01       		.byte	0x1
 495 00e9 00010000 		.4byte	0x100
 496 00ed 09       		.uleb128 0x9
 497 00ee 7300     		.ascii	"s\000"
 498 00f0 01       		.byte	0x1
 499 00f1 4C       		.byte	0x4c
 500 00f2 84000000 		.4byte	0x84
 501 00f6 09       		.uleb128 0x9
 502 00f7 6E00     		.ascii	"n\000"
 503 00f9 01       		.byte	0x1
 504 00fa 4C       		.byte	0x4c
 505 00fb 2C000000 		.4byte	0x2c
 506 00ff 00       		.byte	0
 507 0100 0A       		.uleb128 0xa
 508 0101 1B000000 		.4byte	.LASF20
 509 0105 01       		.byte	0x1
ARM GAS  C:\Users\user\AppData\Local\Temp\ccrSRcAi.s 			page 17


 510 0106 F2       		.byte	0xf2
 511 0107 01       		.byte	0x1
 512 0108 0A       		.uleb128 0xa
 513 0109 4B000000 		.4byte	.LASF21
 514 010d 01       		.byte	0x1
 515 010e AA       		.byte	0xaa
 516 010f 01       		.byte	0x1
 517 0110 0B       		.uleb128 0xb
 518 0111 92010000 		.4byte	.LASF38
 519 0115 01       		.byte	0x1
 520 0116 0D01     		.2byte	0x10d
 521 0118 00000000 		.4byte	.LFB7
 522 011c D0010000 		.4byte	.LFE7-.LFB7
 523 0120 01       		.uleb128 0x1
 524 0121 9C       		.byte	0x9c
 525 0122 DE020000 		.4byte	0x2de
 526 0126 0C       		.uleb128 0xc
 527 0127 00000000 		.4byte	.Ldebug_ranges0+0
 528 012b 23020000 		.4byte	0x223
 529 012f 0D       		.uleb128 0xd
 530 0130 06       		.byte	0x6
 531 0131 01       		.byte	0x1
 532 0132 1601     		.2byte	0x116
 533 0134 53010000 		.4byte	0x153
 534 0138 0E       		.uleb128 0xe
 535 0139 9F010000 		.4byte	.LASF22
 536 013d 01       		.byte	0x1
 537 013e 1701     		.2byte	0x117
 538 0140 84000000 		.4byte	0x84
 539 0144 00       		.byte	0
 540 0145 0E       		.uleb128 0xe
 541 0146 6F000000 		.4byte	.LASF23
 542 014a 01       		.byte	0x1
 543 014b 1801     		.2byte	0x118
 544 014d 99000000 		.4byte	0x99
 545 0151 04       		.byte	0x4
 546 0152 00       		.byte	0
 547 0153 06       		.uleb128 0x6
 548 0154 BE010000 		.4byte	.LASF24
 549 0158 01       		.byte	0x1
 550 0159 1901     		.2byte	0x119
 551 015b 2F010000 		.4byte	0x12f
 552 015f 0F       		.uleb128 0xf
 553 0160 6F010000 		.4byte	0x16f
 554 0164 6F010000 		.4byte	0x16f
 555 0168 10       		.uleb128 0x10
 556 0169 7D000000 		.4byte	0x7d
 557 016d 01       		.byte	0x1
 558 016e 00       		.byte	0
 559 016f 11       		.uleb128 0x11
 560 0170 53010000 		.4byte	0x153
 561 0174 12       		.uleb128 0x12
 562 0175 3B000000 		.4byte	.LASF25
 563 0179 01       		.byte	0x1
 564 017a 1B01     		.2byte	0x11b
 565 017c 8D010000 		.4byte	0x18d
 566 0180 0C       		.byte	0xc
ARM GAS  C:\Users\user\AppData\Local\Temp\ccrSRcAi.s 			page 18


 567 0181 00       		.byte	0
 568 0182 30       		.byte	0x30
 569 0183 0F       		.byte	0xf
 570 0184 40       		.byte	0x40
 571 0185 00       		.byte	0
 572 0186 04       		.byte	0x4
 573 0187 00       		.byte	0
 574 0188 40       		.byte	0x40
 575 0189 0F       		.byte	0xf
 576 018a 40       		.byte	0x40
 577 018b 00       		.byte	0
 578 018c 04       		.byte	0x4
 579 018d 11       		.uleb128 0x11
 580 018e 5F010000 		.4byte	0x15f
 581 0192 13       		.uleb128 0x13
 582 0193 6900     		.ascii	"i\000"
 583 0195 01       		.byte	0x1
 584 0196 2101     		.2byte	0x121
 585 0198 8D000000 		.4byte	0x8d
 586 019c 00000000 		.4byte	.LLST0
 587 01a0 14       		.uleb128 0x14
 588 01a1 40000000 		.4byte	.Ldebug_ranges0+0x40
 589 01a5 13       		.uleb128 0x13
 590 01a6 6D7300   		.ascii	"ms\000"
 591 01a9 01       		.byte	0x1
 592 01aa 2601     		.2byte	0x126
 593 01ac B4010000 		.4byte	0x1b4
 594 01b0 2C000000 		.4byte	.LLST1
 595 01b4 15       		.uleb128 0x15
 596 01b5 04       		.byte	0x4
 597 01b6 6F010000 		.4byte	0x16f
 598 01ba 16       		.uleb128 0x16
 599 01bb E1000000 		.4byte	0xe1
 600 01bf 06000000 		.4byte	.LBB12
 601 01c3 40000000 		.4byte	.Ldebug_ranges0+0x40
 602 01c7 01       		.byte	0x1
 603 01c8 2701     		.2byte	0x127
 604 01ca 17       		.uleb128 0x17
 605 01cb F6000000 		.4byte	0xf6
 606 01cf 54000000 		.4byte	.LLST2
 607 01d3 17       		.uleb128 0x17
 608 01d4 ED000000 		.4byte	0xed
 609 01d8 6A000000 		.4byte	.LLST3
 610 01dc 18       		.uleb128 0x18
 611 01dd 16000000 		.4byte	.LVL1
 612 01e1 DE020000 		.4byte	0x2de
 613 01e5 00020000 		.4byte	0x200
 614 01e9 19       		.uleb128 0x19
 615 01ea 01       		.uleb128 0x1
 616 01eb 50       		.byte	0x50
 617 01ec 05       		.uleb128 0x5
 618 01ed 0C       		.byte	0xc
 619 01ee 00300F40 		.4byte	0x400f3000
 620 01f2 19       		.uleb128 0x19
 621 01f3 01       		.uleb128 0x1
 622 01f4 51       		.byte	0x51
 623 01f5 02       		.uleb128 0x2
ARM GAS  C:\Users\user\AppData\Local\Temp\ccrSRcAi.s 			page 19


 624 01f6 74       		.byte	0x74
 625 01f7 00       		.sleb128 0
 626 01f8 19       		.uleb128 0x19
 627 01f9 01       		.uleb128 0x1
 628 01fa 52       		.byte	0x52
 629 01fb 03       		.uleb128 0x3
 630 01fc 0A       		.byte	0xa
 631 01fd 0004     		.2byte	0x400
 632 01ff 00       		.byte	0
 633 0200 1A       		.uleb128 0x1a
 634 0201 22000000 		.4byte	.LVL2
 635 0205 DE020000 		.4byte	0x2de
 636 0209 19       		.uleb128 0x19
 637 020a 01       		.uleb128 0x1
 638 020b 50       		.byte	0x50
 639 020c 05       		.uleb128 0x5
 640 020d 0C       		.byte	0xc
 641 020e 00400F40 		.4byte	0x400f4000
 642 0212 19       		.uleb128 0x19
 643 0213 01       		.uleb128 0x1
 644 0214 51       		.byte	0x51
 645 0215 02       		.uleb128 0x2
 646 0216 74       		.byte	0x74
 647 0217 00       		.sleb128 0
 648 0218 19       		.uleb128 0x19
 649 0219 01       		.uleb128 0x1
 650 021a 52       		.byte	0x52
 651 021b 03       		.uleb128 0x3
 652 021c 0A       		.byte	0xa
 653 021d 0004     		.2byte	0x400
 654 021f 00       		.byte	0
 655 0220 00       		.byte	0
 656 0221 00       		.byte	0
 657 0222 00       		.byte	0
 658 0223 1B       		.uleb128 0x1b
 659 0224 08010000 		.4byte	0x108
 660 0228 42000000 		.4byte	.LBB24
 661 022c 60000000 		.4byte	.Ldebug_ranges0+0x60
 662 0230 01       		.byte	0x1
 663 0231 5101     		.2byte	0x151
 664 0233 CD020000 		.4byte	0x2cd
 665 0237 1C       		.uleb128 0x1c
 666 0238 8E000000 		.4byte	.LVL3
 667 023c E7020000 		.4byte	0x2e7
 668 0240 18       		.uleb128 0x18
 669 0241 94000000 		.4byte	.LVL4
 670 0245 F2020000 		.4byte	0x2f2
 671 0249 57020000 		.4byte	0x257
 672 024d 19       		.uleb128 0x19
 673 024e 01       		.uleb128 0x1
 674 024f 50       		.byte	0x50
 675 0250 05       		.uleb128 0x5
 676 0251 0C       		.byte	0xc
 677 0252 001BB700 		.4byte	0xb71b00
 678 0256 00       		.byte	0
 679 0257 18       		.uleb128 0x18
 680 0258 9A000000 		.4byte	.LVL5
ARM GAS  C:\Users\user\AppData\Local\Temp\ccrSRcAi.s 			page 20


 681 025c FD020000 		.4byte	0x2fd
 682 0260 6A020000 		.4byte	0x26a
 683 0264 19       		.uleb128 0x19
 684 0265 01       		.uleb128 0x1
 685 0266 50       		.byte	0x50
 686 0267 01       		.uleb128 0x1
 687 0268 31       		.byte	0x31
 688 0269 00       		.byte	0
 689 026a 18       		.uleb128 0x18
 690 026b A0000000 		.4byte	.LVL6
 691 026f 08030000 		.4byte	0x308
 692 0273 7E020000 		.4byte	0x27e
 693 0277 19       		.uleb128 0x19
 694 0278 01       		.uleb128 0x1
 695 0279 50       		.byte	0x50
 696 027a 02       		.uleb128 0x2
 697 027b 08       		.byte	0x8
 698 027c 30       		.byte	0x30
 699 027d 00       		.byte	0
 700 027e 18       		.uleb128 0x18
 701 027f D0000000 		.4byte	.LVL7
 702 0283 13030000 		.4byte	0x313
 703 0287 93020000 		.4byte	0x293
 704 028b 19       		.uleb128 0x19
 705 028c 01       		.uleb128 0x1
 706 028d 50       		.byte	0x50
 707 028e 03       		.uleb128 0x3
 708 028f 0A       		.byte	0xa
 709 0290 D007     		.2byte	0x7d0
 710 0292 00       		.byte	0
 711 0293 18       		.uleb128 0x18
 712 0294 D6000000 		.4byte	.LVL8
 713 0298 1E030000 		.4byte	0x31e
 714 029c A8020000 		.4byte	0x2a8
 715 02a0 19       		.uleb128 0x19
 716 02a1 01       		.uleb128 0x1
 717 02a2 50       		.byte	0x50
 718 02a3 03       		.uleb128 0x3
 719 02a4 0A       		.byte	0xa
 720 02a5 DC05     		.2byte	0x5dc
 721 02a7 00       		.byte	0
 722 02a8 18       		.uleb128 0x18
 723 02a9 00010000 		.4byte	.LVL9
 724 02ad 29030000 		.4byte	0x329
 725 02b1 BC020000 		.4byte	0x2bc
 726 02b5 19       		.uleb128 0x19
 727 02b6 01       		.uleb128 0x1
 728 02b7 50       		.byte	0x50
 729 02b8 02       		.uleb128 0x2
 730 02b9 77       		.byte	0x77
 731 02ba 00       		.sleb128 0
 732 02bb 00       		.byte	0
 733 02bc 1A       		.uleb128 0x1a
 734 02bd 06010000 		.4byte	.LVL10
 735 02c1 34030000 		.4byte	0x334
 736 02c5 19       		.uleb128 0x19
 737 02c6 01       		.uleb128 0x1
ARM GAS  C:\Users\user\AppData\Local\Temp\ccrSRcAi.s 			page 21


 738 02c7 50       		.byte	0x50
 739 02c8 02       		.uleb128 0x2
 740 02c9 77       		.byte	0x77
 741 02ca 00       		.sleb128 0
 742 02cb 00       		.byte	0
 743 02cc 00       		.byte	0
 744 02cd 1D       		.uleb128 0x1d
 745 02ce 00010000 		.4byte	0x100
 746 02d2 1E010000 		.4byte	.LBB32
 747 02d6 80000000 		.4byte	.Ldebug_ranges0+0x80
 748 02da 01       		.byte	0x1
 749 02db 5401     		.2byte	0x154
 750 02dd 00       		.byte	0
 751 02de 1E       		.uleb128 0x1e
 752 02df D2000000 		.4byte	.LASF39
 753 02e3 D2000000 		.4byte	.LASF39
 754 02e7 1F       		.uleb128 0x1f
 755 02e8 A9000000 		.4byte	.LASF26
 756 02ec A9000000 		.4byte	.LASF26
 757 02f0 04       		.byte	0x4
 758 02f1 4E       		.byte	0x4e
 759 02f2 1F       		.uleb128 0x1f
 760 02f3 00000000 		.4byte	.LASF27
 761 02f7 00000000 		.4byte	.LASF27
 762 02fb 05       		.byte	0x5
 763 02fc EF       		.byte	0xef
 764 02fd 1F       		.uleb128 0x1f
 765 02fe 74000000 		.4byte	.LASF28
 766 0302 74000000 		.4byte	.LASF28
 767 0306 04       		.byte	0x4
 768 0307 50       		.byte	0x50
 769 0308 1F       		.uleb128 0x1f
 770 0309 0C020000 		.4byte	.LASF29
 771 030d 0C020000 		.4byte	.LASF29
 772 0311 05       		.byte	0x5
 773 0312 6C       		.byte	0x6c
 774 0313 1F       		.uleb128 0x1f
 775 0314 F1010000 		.4byte	.LASF30
 776 0318 F1010000 		.4byte	.LASF30
 777 031c 05       		.byte	0x5
 778 031d 84       		.byte	0x84
 779 031e 1F       		.uleb128 0x1f
 780 031f E2010000 		.4byte	.LASF31
 781 0323 E2010000 		.4byte	.LASF31
 782 0327 05       		.byte	0x5
 783 0328 ED       		.byte	0xed
 784 0329 1F       		.uleb128 0x1f
 785 032a 2C000000 		.4byte	.LASF32
 786 032e 2C000000 		.4byte	.LASF32
 787 0332 05       		.byte	0x5
 788 0333 D0       		.byte	0xd0
 789 0334 1F       		.uleb128 0x1f
 790 0335 E0000000 		.4byte	.LASF33
 791 0339 E0000000 		.4byte	.LASF33
 792 033d 05       		.byte	0x5
 793 033e D6       		.byte	0xd6
 794 033f 00       		.byte	0
ARM GAS  C:\Users\user\AppData\Local\Temp\ccrSRcAi.s 			page 22


 795              		.section	.debug_abbrev,"",%progbits
 796              	.Ldebug_abbrev0:
 797 0000 01       		.uleb128 0x1
 798 0001 11       		.uleb128 0x11
 799 0002 01       		.byte	0x1
 800 0003 25       		.uleb128 0x25
 801 0004 0E       		.uleb128 0xe
 802 0005 13       		.uleb128 0x13
 803 0006 0B       		.uleb128 0xb
 804 0007 03       		.uleb128 0x3
 805 0008 0E       		.uleb128 0xe
 806 0009 1B       		.uleb128 0x1b
 807 000a 0E       		.uleb128 0xe
 808 000b 55       		.uleb128 0x55
 809 000c 17       		.uleb128 0x17
 810 000d 11       		.uleb128 0x11
 811 000e 01       		.uleb128 0x1
 812 000f 10       		.uleb128 0x10
 813 0010 17       		.uleb128 0x17
 814 0011 00       		.byte	0
 815 0012 00       		.byte	0
 816 0013 02       		.uleb128 0x2
 817 0014 24       		.uleb128 0x24
 818 0015 00       		.byte	0
 819 0016 0B       		.uleb128 0xb
 820 0017 0B       		.uleb128 0xb
 821 0018 3E       		.uleb128 0x3e
 822 0019 0B       		.uleb128 0xb
 823 001a 03       		.uleb128 0x3
 824 001b 08       		.uleb128 0x8
 825 001c 00       		.byte	0
 826 001d 00       		.byte	0
 827 001e 03       		.uleb128 0x3
 828 001f 16       		.uleb128 0x16
 829 0020 00       		.byte	0
 830 0021 03       		.uleb128 0x3
 831 0022 0E       		.uleb128 0xe
 832 0023 3A       		.uleb128 0x3a
 833 0024 0B       		.uleb128 0xb
 834 0025 3B       		.uleb128 0x3b
 835 0026 0B       		.uleb128 0xb
 836 0027 49       		.uleb128 0x49
 837 0028 13       		.uleb128 0x13
 838 0029 00       		.byte	0
 839 002a 00       		.byte	0
 840 002b 04       		.uleb128 0x4
 841 002c 24       		.uleb128 0x24
 842 002d 00       		.byte	0
 843 002e 0B       		.uleb128 0xb
 844 002f 0B       		.uleb128 0xb
 845 0030 3E       		.uleb128 0x3e
 846 0031 0B       		.uleb128 0xb
 847 0032 03       		.uleb128 0x3
 848 0033 0E       		.uleb128 0xe
 849 0034 00       		.byte	0
 850 0035 00       		.byte	0
 851 0036 05       		.uleb128 0x5
ARM GAS  C:\Users\user\AppData\Local\Temp\ccrSRcAi.s 			page 23


 852 0037 0F       		.uleb128 0xf
 853 0038 00       		.byte	0
 854 0039 0B       		.uleb128 0xb
 855 003a 0B       		.uleb128 0xb
 856 003b 00       		.byte	0
 857 003c 00       		.byte	0
 858 003d 06       		.uleb128 0x6
 859 003e 16       		.uleb128 0x16
 860 003f 00       		.byte	0
 861 0040 03       		.uleb128 0x3
 862 0041 0E       		.uleb128 0xe
 863 0042 3A       		.uleb128 0x3a
 864 0043 0B       		.uleb128 0xb
 865 0044 3B       		.uleb128 0x3b
 866 0045 05       		.uleb128 0x5
 867 0046 49       		.uleb128 0x49
 868 0047 13       		.uleb128 0x13
 869 0048 00       		.byte	0
 870 0049 00       		.byte	0
 871 004a 07       		.uleb128 0x7
 872 004b 35       		.uleb128 0x35
 873 004c 00       		.byte	0
 874 004d 49       		.uleb128 0x49
 875 004e 13       		.uleb128 0x13
 876 004f 00       		.byte	0
 877 0050 00       		.byte	0
 878 0051 08       		.uleb128 0x8
 879 0052 2E       		.uleb128 0x2e
 880 0053 01       		.byte	0x1
 881 0054 03       		.uleb128 0x3
 882 0055 0E       		.uleb128 0xe
 883 0056 3A       		.uleb128 0x3a
 884 0057 0B       		.uleb128 0xb
 885 0058 3B       		.uleb128 0x3b
 886 0059 0B       		.uleb128 0xb
 887 005a 27       		.uleb128 0x27
 888 005b 19       		.uleb128 0x19
 889 005c 20       		.uleb128 0x20
 890 005d 0B       		.uleb128 0xb
 891 005e 01       		.uleb128 0x1
 892 005f 13       		.uleb128 0x13
 893 0060 00       		.byte	0
 894 0061 00       		.byte	0
 895 0062 09       		.uleb128 0x9
 896 0063 05       		.uleb128 0x5
 897 0064 00       		.byte	0
 898 0065 03       		.uleb128 0x3
 899 0066 08       		.uleb128 0x8
 900 0067 3A       		.uleb128 0x3a
 901 0068 0B       		.uleb128 0xb
 902 0069 3B       		.uleb128 0x3b
 903 006a 0B       		.uleb128 0xb
 904 006b 49       		.uleb128 0x49
 905 006c 13       		.uleb128 0x13
 906 006d 00       		.byte	0
 907 006e 00       		.byte	0
 908 006f 0A       		.uleb128 0xa
ARM GAS  C:\Users\user\AppData\Local\Temp\ccrSRcAi.s 			page 24


 909 0070 2E       		.uleb128 0x2e
 910 0071 00       		.byte	0
 911 0072 03       		.uleb128 0x3
 912 0073 0E       		.uleb128 0xe
 913 0074 3A       		.uleb128 0x3a
 914 0075 0B       		.uleb128 0xb
 915 0076 3B       		.uleb128 0x3b
 916 0077 0B       		.uleb128 0xb
 917 0078 27       		.uleb128 0x27
 918 0079 19       		.uleb128 0x19
 919 007a 20       		.uleb128 0x20
 920 007b 0B       		.uleb128 0xb
 921 007c 00       		.byte	0
 922 007d 00       		.byte	0
 923 007e 0B       		.uleb128 0xb
 924 007f 2E       		.uleb128 0x2e
 925 0080 01       		.byte	0x1
 926 0081 3F       		.uleb128 0x3f
 927 0082 19       		.uleb128 0x19
 928 0083 03       		.uleb128 0x3
 929 0084 0E       		.uleb128 0xe
 930 0085 3A       		.uleb128 0x3a
 931 0086 0B       		.uleb128 0xb
 932 0087 3B       		.uleb128 0x3b
 933 0088 05       		.uleb128 0x5
 934 0089 27       		.uleb128 0x27
 935 008a 19       		.uleb128 0x19
 936 008b 11       		.uleb128 0x11
 937 008c 01       		.uleb128 0x1
 938 008d 12       		.uleb128 0x12
 939 008e 06       		.uleb128 0x6
 940 008f 40       		.uleb128 0x40
 941 0090 18       		.uleb128 0x18
 942 0091 9742     		.uleb128 0x2117
 943 0093 19       		.uleb128 0x19
 944 0094 01       		.uleb128 0x1
 945 0095 13       		.uleb128 0x13
 946 0096 00       		.byte	0
 947 0097 00       		.byte	0
 948 0098 0C       		.uleb128 0xc
 949 0099 0B       		.uleb128 0xb
 950 009a 01       		.byte	0x1
 951 009b 55       		.uleb128 0x55
 952 009c 17       		.uleb128 0x17
 953 009d 01       		.uleb128 0x1
 954 009e 13       		.uleb128 0x13
 955 009f 00       		.byte	0
 956 00a0 00       		.byte	0
 957 00a1 0D       		.uleb128 0xd
 958 00a2 13       		.uleb128 0x13
 959 00a3 01       		.byte	0x1
 960 00a4 0B       		.uleb128 0xb
 961 00a5 0B       		.uleb128 0xb
 962 00a6 3A       		.uleb128 0x3a
 963 00a7 0B       		.uleb128 0xb
 964 00a8 3B       		.uleb128 0x3b
 965 00a9 05       		.uleb128 0x5
ARM GAS  C:\Users\user\AppData\Local\Temp\ccrSRcAi.s 			page 25


 966 00aa 01       		.uleb128 0x1
 967 00ab 13       		.uleb128 0x13
 968 00ac 00       		.byte	0
 969 00ad 00       		.byte	0
 970 00ae 0E       		.uleb128 0xe
 971 00af 0D       		.uleb128 0xd
 972 00b0 00       		.byte	0
 973 00b1 03       		.uleb128 0x3
 974 00b2 0E       		.uleb128 0xe
 975 00b3 3A       		.uleb128 0x3a
 976 00b4 0B       		.uleb128 0xb
 977 00b5 3B       		.uleb128 0x3b
 978 00b6 05       		.uleb128 0x5
 979 00b7 49       		.uleb128 0x49
 980 00b8 13       		.uleb128 0x13
 981 00b9 38       		.uleb128 0x38
 982 00ba 0B       		.uleb128 0xb
 983 00bb 00       		.byte	0
 984 00bc 00       		.byte	0
 985 00bd 0F       		.uleb128 0xf
 986 00be 01       		.uleb128 0x1
 987 00bf 01       		.byte	0x1
 988 00c0 49       		.uleb128 0x49
 989 00c1 13       		.uleb128 0x13
 990 00c2 01       		.uleb128 0x1
 991 00c3 13       		.uleb128 0x13
 992 00c4 00       		.byte	0
 993 00c5 00       		.byte	0
 994 00c6 10       		.uleb128 0x10
 995 00c7 21       		.uleb128 0x21
 996 00c8 00       		.byte	0
 997 00c9 49       		.uleb128 0x49
 998 00ca 13       		.uleb128 0x13
 999 00cb 2F       		.uleb128 0x2f
 1000 00cc 0B       		.uleb128 0xb
 1001 00cd 00       		.byte	0
 1002 00ce 00       		.byte	0
 1003 00cf 11       		.uleb128 0x11
 1004 00d0 26       		.uleb128 0x26
 1005 00d1 00       		.byte	0
 1006 00d2 49       		.uleb128 0x49
 1007 00d3 13       		.uleb128 0x13
 1008 00d4 00       		.byte	0
 1009 00d5 00       		.byte	0
 1010 00d6 12       		.uleb128 0x12
 1011 00d7 34       		.uleb128 0x34
 1012 00d8 00       		.byte	0
 1013 00d9 03       		.uleb128 0x3
 1014 00da 0E       		.uleb128 0xe
 1015 00db 3A       		.uleb128 0x3a
 1016 00dc 0B       		.uleb128 0xb
 1017 00dd 3B       		.uleb128 0x3b
 1018 00de 05       		.uleb128 0x5
 1019 00df 49       		.uleb128 0x49
 1020 00e0 13       		.uleb128 0x13
 1021 00e1 1C       		.uleb128 0x1c
 1022 00e2 0A       		.uleb128 0xa
ARM GAS  C:\Users\user\AppData\Local\Temp\ccrSRcAi.s 			page 26


 1023 00e3 00       		.byte	0
 1024 00e4 00       		.byte	0
 1025 00e5 13       		.uleb128 0x13
 1026 00e6 34       		.uleb128 0x34
 1027 00e7 00       		.byte	0
 1028 00e8 03       		.uleb128 0x3
 1029 00e9 08       		.uleb128 0x8
 1030 00ea 3A       		.uleb128 0x3a
 1031 00eb 0B       		.uleb128 0xb
 1032 00ec 3B       		.uleb128 0x3b
 1033 00ed 05       		.uleb128 0x5
 1034 00ee 49       		.uleb128 0x49
 1035 00ef 13       		.uleb128 0x13
 1036 00f0 02       		.uleb128 0x2
 1037 00f1 17       		.uleb128 0x17
 1038 00f2 00       		.byte	0
 1039 00f3 00       		.byte	0
 1040 00f4 14       		.uleb128 0x14
 1041 00f5 0B       		.uleb128 0xb
 1042 00f6 01       		.byte	0x1
 1043 00f7 55       		.uleb128 0x55
 1044 00f8 17       		.uleb128 0x17
 1045 00f9 00       		.byte	0
 1046 00fa 00       		.byte	0
 1047 00fb 15       		.uleb128 0x15
 1048 00fc 0F       		.uleb128 0xf
 1049 00fd 00       		.byte	0
 1050 00fe 0B       		.uleb128 0xb
 1051 00ff 0B       		.uleb128 0xb
 1052 0100 49       		.uleb128 0x49
 1053 0101 13       		.uleb128 0x13
 1054 0102 00       		.byte	0
 1055 0103 00       		.byte	0
 1056 0104 16       		.uleb128 0x16
 1057 0105 1D       		.uleb128 0x1d
 1058 0106 01       		.byte	0x1
 1059 0107 31       		.uleb128 0x31
 1060 0108 13       		.uleb128 0x13
 1061 0109 52       		.uleb128 0x52
 1062 010a 01       		.uleb128 0x1
 1063 010b 55       		.uleb128 0x55
 1064 010c 17       		.uleb128 0x17
 1065 010d 58       		.uleb128 0x58
 1066 010e 0B       		.uleb128 0xb
 1067 010f 59       		.uleb128 0x59
 1068 0110 05       		.uleb128 0x5
 1069 0111 00       		.byte	0
 1070 0112 00       		.byte	0
 1071 0113 17       		.uleb128 0x17
 1072 0114 05       		.uleb128 0x5
 1073 0115 00       		.byte	0
 1074 0116 31       		.uleb128 0x31
 1075 0117 13       		.uleb128 0x13
 1076 0118 02       		.uleb128 0x2
 1077 0119 17       		.uleb128 0x17
 1078 011a 00       		.byte	0
 1079 011b 00       		.byte	0
ARM GAS  C:\Users\user\AppData\Local\Temp\ccrSRcAi.s 			page 27


 1080 011c 18       		.uleb128 0x18
 1081 011d 898201   		.uleb128 0x4109
 1082 0120 01       		.byte	0x1
 1083 0121 11       		.uleb128 0x11
 1084 0122 01       		.uleb128 0x1
 1085 0123 31       		.uleb128 0x31
 1086 0124 13       		.uleb128 0x13
 1087 0125 01       		.uleb128 0x1
 1088 0126 13       		.uleb128 0x13
 1089 0127 00       		.byte	0
 1090 0128 00       		.byte	0
 1091 0129 19       		.uleb128 0x19
 1092 012a 8A8201   		.uleb128 0x410a
 1093 012d 00       		.byte	0
 1094 012e 02       		.uleb128 0x2
 1095 012f 18       		.uleb128 0x18
 1096 0130 9142     		.uleb128 0x2111
 1097 0132 18       		.uleb128 0x18
 1098 0133 00       		.byte	0
 1099 0134 00       		.byte	0
 1100 0135 1A       		.uleb128 0x1a
 1101 0136 898201   		.uleb128 0x4109
 1102 0139 01       		.byte	0x1
 1103 013a 11       		.uleb128 0x11
 1104 013b 01       		.uleb128 0x1
 1105 013c 31       		.uleb128 0x31
 1106 013d 13       		.uleb128 0x13
 1107 013e 00       		.byte	0
 1108 013f 00       		.byte	0
 1109 0140 1B       		.uleb128 0x1b
 1110 0141 1D       		.uleb128 0x1d
 1111 0142 01       		.byte	0x1
 1112 0143 31       		.uleb128 0x31
 1113 0144 13       		.uleb128 0x13
 1114 0145 52       		.uleb128 0x52
 1115 0146 01       		.uleb128 0x1
 1116 0147 55       		.uleb128 0x55
 1117 0148 17       		.uleb128 0x17
 1118 0149 58       		.uleb128 0x58
 1119 014a 0B       		.uleb128 0xb
 1120 014b 59       		.uleb128 0x59
 1121 014c 05       		.uleb128 0x5
 1122 014d 01       		.uleb128 0x1
 1123 014e 13       		.uleb128 0x13
 1124 014f 00       		.byte	0
 1125 0150 00       		.byte	0
 1126 0151 1C       		.uleb128 0x1c
 1127 0152 898201   		.uleb128 0x4109
 1128 0155 00       		.byte	0
 1129 0156 11       		.uleb128 0x11
 1130 0157 01       		.uleb128 0x1
 1131 0158 31       		.uleb128 0x31
 1132 0159 13       		.uleb128 0x13
 1133 015a 00       		.byte	0
 1134 015b 00       		.byte	0
 1135 015c 1D       		.uleb128 0x1d
 1136 015d 1D       		.uleb128 0x1d
ARM GAS  C:\Users\user\AppData\Local\Temp\ccrSRcAi.s 			page 28


 1137 015e 00       		.byte	0
 1138 015f 31       		.uleb128 0x31
 1139 0160 13       		.uleb128 0x13
 1140 0161 52       		.uleb128 0x52
 1141 0162 01       		.uleb128 0x1
 1142 0163 55       		.uleb128 0x55
 1143 0164 17       		.uleb128 0x17
 1144 0165 58       		.uleb128 0x58
 1145 0166 0B       		.uleb128 0xb
 1146 0167 59       		.uleb128 0x59
 1147 0168 05       		.uleb128 0x5
 1148 0169 00       		.byte	0
 1149 016a 00       		.byte	0
 1150 016b 1E       		.uleb128 0x1e
 1151 016c 2E       		.uleb128 0x2e
 1152 016d 00       		.byte	0
 1153 016e 3F       		.uleb128 0x3f
 1154 016f 19       		.uleb128 0x19
 1155 0170 3C       		.uleb128 0x3c
 1156 0171 19       		.uleb128 0x19
 1157 0172 6E       		.uleb128 0x6e
 1158 0173 0E       		.uleb128 0xe
 1159 0174 03       		.uleb128 0x3
 1160 0175 0E       		.uleb128 0xe
 1161 0176 00       		.byte	0
 1162 0177 00       		.byte	0
 1163 0178 1F       		.uleb128 0x1f
 1164 0179 2E       		.uleb128 0x2e
 1165 017a 00       		.byte	0
 1166 017b 3F       		.uleb128 0x3f
 1167 017c 19       		.uleb128 0x19
 1168 017d 3C       		.uleb128 0x3c
 1169 017e 19       		.uleb128 0x19
 1170 017f 6E       		.uleb128 0x6e
 1171 0180 0E       		.uleb128 0xe
 1172 0181 03       		.uleb128 0x3
 1173 0182 0E       		.uleb128 0xe
 1174 0183 3A       		.uleb128 0x3a
 1175 0184 0B       		.uleb128 0xb
 1176 0185 3B       		.uleb128 0x3b
 1177 0186 0B       		.uleb128 0xb
 1178 0187 00       		.byte	0
 1179 0188 00       		.byte	0
 1180 0189 00       		.byte	0
 1181              		.section	.debug_loc,"",%progbits
 1182              	.Ldebug_loc0:
 1183              	.LLST0:
 1184 0000 0E000000 		.4byte	.LVL0
 1185 0004 16000000 		.4byte	.LVL1
 1186 0008 0200     		.2byte	0x2
 1187 000a 30       		.byte	0x30
 1188 000b 9F       		.byte	0x9f
 1189 000c 16000000 		.4byte	.LVL1
 1190 0010 22000000 		.4byte	.LVL2
 1191 0014 0200     		.2byte	0x2
 1192 0016 31       		.byte	0x31
 1193 0017 9F       		.byte	0x9f
ARM GAS  C:\Users\user\AppData\Local\Temp\ccrSRcAi.s 			page 29


 1194 0018 22000000 		.4byte	.LVL2
 1195 001c D0010000 		.4byte	.LFE7
 1196 0020 0200     		.2byte	0x2
 1197 0022 32       		.byte	0x32
 1198 0023 9F       		.byte	0x9f
 1199 0024 00000000 		.4byte	0
 1200 0028 00000000 		.4byte	0
 1201              	.LLST1:
 1202 002c 0E000000 		.4byte	.LVL0
 1203 0030 16000000 		.4byte	.LVL1
 1204 0034 0600     		.2byte	0x6
 1205 0036 F2       		.byte	0xf2
 1206 0037 74010000 		.4byte	.Ldebug_info0+372
 1207 003b 00       		.sleb128 0
 1208 003c 16000000 		.4byte	.LVL1
 1209 0040 D0010000 		.4byte	.LFE7
 1210 0044 0600     		.2byte	0x6
 1211 0046 F2       		.byte	0xf2
 1212 0047 74010000 		.4byte	.Ldebug_info0+372
 1213 004b 06       		.sleb128 6
 1214 004c 00000000 		.4byte	0
 1215 0050 00000000 		.4byte	0
 1216              	.LLST2:
 1217 0054 0E000000 		.4byte	.LVL0
 1218 0058 22000000 		.4byte	.LVL2
 1219 005c 0400     		.2byte	0x4
 1220 005e 0A       		.byte	0xa
 1221 005f 0004     		.2byte	0x400
 1222 0061 9F       		.byte	0x9f
 1223 0062 00000000 		.4byte	0
 1224 0066 00000000 		.4byte	0
 1225              	.LLST3:
 1226 006a 0E000000 		.4byte	.LVL0
 1227 006e 16000000 		.4byte	.LVL1
 1228 0072 0600     		.2byte	0x6
 1229 0074 0C       		.byte	0xc
 1230 0075 00300F40 		.4byte	0x400f3000
 1231 0079 9F       		.byte	0x9f
 1232 007a 16000000 		.4byte	.LVL1
 1233 007e 22000000 		.4byte	.LVL2
 1234 0082 0600     		.2byte	0x6
 1235 0084 0C       		.byte	0xc
 1236 0085 00400F40 		.4byte	0x400f4000
 1237 0089 9F       		.byte	0x9f
 1238 008a 00000000 		.4byte	0
 1239 008e 00000000 		.4byte	0
 1240              		.section	.debug_aranges,"",%progbits
 1241 0000 1C000000 		.4byte	0x1c
 1242 0004 0200     		.2byte	0x2
 1243 0006 00000000 		.4byte	.Ldebug_info0
 1244 000a 04       		.byte	0x4
 1245 000b 00       		.byte	0
 1246 000c 0000     		.2byte	0
 1247 000e 0000     		.2byte	0
 1248 0010 00000000 		.4byte	.LFB7
 1249 0014 D0010000 		.4byte	.LFE7-.LFB7
 1250 0018 00000000 		.4byte	0
ARM GAS  C:\Users\user\AppData\Local\Temp\ccrSRcAi.s 			page 30


 1251 001c 00000000 		.4byte	0
 1252              		.section	.debug_ranges,"",%progbits
 1253              	.Ldebug_ranges0:
 1254 0000 06000000 		.4byte	.LBB10
 1255 0004 08000000 		.4byte	.LBE10
 1256 0008 0A000000 		.4byte	.LBB20
 1257 000c 0C000000 		.4byte	.LBE20
 1258 0010 0E000000 		.4byte	.LBB21
 1259 0014 36000000 		.4byte	.LBE21
 1260 0018 38000000 		.4byte	.LBB22
 1261 001c 3C000000 		.4byte	.LBE22
 1262 0020 3E000000 		.4byte	.LBB23
 1263 0024 42000000 		.4byte	.LBE23
 1264 0028 44000000 		.4byte	.LBB28
 1265 002c 48000000 		.4byte	.LBE28
 1266 0030 4A000000 		.4byte	.LBB30
 1267 0034 54000000 		.4byte	.LBE30
 1268 0038 00000000 		.4byte	0
 1269 003c 00000000 		.4byte	0
 1270 0040 06000000 		.4byte	.LBB11
 1271 0044 08000000 		.4byte	.LBE11
 1272 0048 0A000000 		.4byte	.LBB18
 1273 004c 0C000000 		.4byte	.LBE18
 1274 0050 0E000000 		.4byte	.LBB19
 1275 0054 22000000 		.4byte	.LBE19
 1276 0058 00000000 		.4byte	0
 1277 005c 00000000 		.4byte	0
 1278 0060 42000000 		.4byte	.LBB24
 1279 0064 44000000 		.4byte	.LBE24
 1280 0068 48000000 		.4byte	.LBB29
 1281 006c 4A000000 		.4byte	.LBE29
 1282 0070 84000000 		.4byte	.LBB31
 1283 0074 1E010000 		.4byte	.LBE31
 1284 0078 00000000 		.4byte	0
 1285 007c 00000000 		.4byte	0
 1286 0080 1E010000 		.4byte	.LBB32
 1287 0084 22010000 		.4byte	.LBE32
 1288 0088 22010000 		.4byte	.LBB35
 1289 008c 2C010000 		.4byte	.LBE35
 1290 0090 00000000 		.4byte	0
 1291 0094 00000000 		.4byte	0
 1292 0098 00000000 		.4byte	.LFB7
 1293 009c D0010000 		.4byte	.LFE7
 1294 00a0 00000000 		.4byte	0
 1295 00a4 00000000 		.4byte	0
 1296              		.section	.debug_line,"",%progbits
 1297              	.Ldebug_line0:
 1298 0000 8D010000 		.section	.debug_str,"MS",%progbits,1
 1298      0200E300 
 1298      00000201 
 1298      FB0E0D00 
 1298      01010101 
 1299              	.LASF27:
 1300 0000 43794465 		.ascii	"CyDelayCycles\000"
 1300      6C617943 
 1300      79636C65 
 1300      7300
ARM GAS  C:\Users\user\AppData\Local\Temp\ccrSRcAi.s 			page 31


 1301              	.LASF19:
 1302 000e 72656733 		.ascii	"reg32\000"
 1302      3200
 1303              	.LASF12:
 1304 0014 73697A65 		.ascii	"size_t\000"
 1304      5F7400
 1305              	.LASF20:
 1306 001b 416E616C 		.ascii	"AnalogSetDefault\000"
 1306      6F675365 
 1306      74446566 
 1306      61756C74 
 1306      00
 1307              	.LASF32:
 1308 002c 4379496E 		.ascii	"CyIntSetVector\000"
 1308      74536574 
 1308      56656374 
 1308      6F7200
 1309              	.LASF25:
 1310 003b 6366675F 		.ascii	"cfg_memset_list\000"
 1310      6D656D73 
 1310      65745F6C 
 1310      69737400 
 1311              	.LASF21:
 1312 004b 436C6F63 		.ascii	"ClockSetup\000"
 1312      6B536574 
 1312      757000
 1313              	.LASF6:
 1314 0056 73686F72 		.ascii	"short unsigned int\000"
 1314      7420756E 
 1314      7369676E 
 1314      65642069 
 1314      6E7400
 1315              	.LASF16:
 1316 0069 666C6F61 		.ascii	"float\000"
 1316      7400
 1317              	.LASF23:
 1318 006f 73697A65 		.ascii	"size\000"
 1318      00
 1319              	.LASF28:
 1320 0074 43795379 		.ascii	"CySysClkWcoSetPowerMode\000"
 1320      73436C6B 
 1320      57636F53 
 1320      6574506F 
 1320      7765724D 
 1321              	.LASF18:
 1322 008c 72656738 		.ascii	"reg8\000"
 1322      00
 1323              	.LASF8:
 1324 0091 6C6F6E67 		.ascii	"long unsigned int\000"
 1324      20756E73 
 1324      69676E65 
 1324      6420696E 
 1324      7400
 1325              	.LASF13:
 1326 00a3 75696E74 		.ascii	"uint8\000"
 1326      3800
 1327              	.LASF26:
ARM GAS  C:\Users\user\AppData\Local\Temp\ccrSRcAi.s 			page 32


 1328 00a9 43795379 		.ascii	"CySysClkWcoStart\000"
 1328      73436C6B 
 1328      57636F53 
 1328      74617274 
 1328      00
 1329              	.LASF37:
 1330 00ba 43594D45 		.ascii	"CYMEMZERO\000"
 1330      4D5A4552 
 1330      4F00
 1331              	.LASF4:
 1332 00c4 756E7369 		.ascii	"unsigned char\000"
 1332      676E6564 
 1332      20636861 
 1332      7200
 1333              	.LASF39:
 1334 00d2 6D656D73 		.ascii	"memset\000"
 1334      657400
 1335              	.LASF17:
 1336 00d9 646F7562 		.ascii	"double\000"
 1336      6C6500
 1337              	.LASF33:
 1338 00e0 4379496E 		.ascii	"CyIntEnable\000"
 1338      74456E61 
 1338      626C6500 
 1339              	.LASF14:
 1340 00ec 75696E74 		.ascii	"uint16\000"
 1340      313600
 1341              	.LASF36:
 1342 00f3 433A5C55 		.ascii	"C:\\Users\\user\\Desktop\\__Testy 740G\\BLE projekt"
 1342      73657273 
 1342      5C757365 
 1342      725C4465 
 1342      736B746F 
 1343 0121 5C424C45 		.ascii	"\\BLE_Continuous_Glucose_Monitoring_Sensor01\\BLE_C"
 1343      5F436F6E 
 1343      74696E75 
 1343      6F75735F 
 1343      476C7563 
 1344 0152 6F6E7469 		.ascii	"ontinuous_Glucose_Monitoring_Sensor01.cydsn\000"
 1344      6E756F75 
 1344      735F476C 
 1344      75636F73 
 1344      655F4D6F 
 1345              	.LASF15:
 1346 017e 75696E74 		.ascii	"uint32\000"
 1346      333200
 1347              	.LASF0:
 1348 0185 756E7369 		.ascii	"unsigned int\000"
 1348      676E6564 
 1348      20696E74 
 1348      00
 1349              	.LASF38:
 1350 0192 63796669 		.ascii	"cyfitter_cfg\000"
 1350      74746572 
 1350      5F636667 
 1350      00
 1351              	.LASF22:
ARM GAS  C:\Users\user\AppData\Local\Temp\ccrSRcAi.s 			page 33


 1352 019f 61646472 		.ascii	"address\000"
 1352      65737300 
 1353              	.LASF9:
 1354 01a7 6C6F6E67 		.ascii	"long long unsigned int\000"
 1354      206C6F6E 
 1354      6720756E 
 1354      7369676E 
 1354      65642069 
 1355              	.LASF24:
 1356 01be 6366675F 		.ascii	"cfg_memset_t\000"
 1356      6D656D73 
 1356      65745F74 
 1356      00
 1357              	.LASF10:
 1358 01cb 73697A65 		.ascii	"sizetype\000"
 1358      74797065 
 1358      00
 1359              	.LASF1:
 1360 01d4 6C6F6E67 		.ascii	"long long int\000"
 1360      206C6F6E 
 1360      6720696E 
 1360      7400
 1361              	.LASF31:
 1362 01e2 43794465 		.ascii	"CyDelayUs\000"
 1362      6C617955 
 1362      7300
 1363              	.LASF11:
 1364 01ec 63686172 		.ascii	"char\000"
 1364      00
 1365              	.LASF30:
 1366 01f1 43795379 		.ascii	"CySysClkEcoStart\000"
 1366      73436C6B 
 1366      45636F53 
 1366      74617274 
 1366      00
 1367              	.LASF5:
 1368 0202 73686F72 		.ascii	"short int\000"
 1368      7420696E 
 1368      7400
 1369              	.LASF29:
 1370 020c 43795379 		.ascii	"CySysClkWriteImoFreq\000"
 1370      73436C6B 
 1370      57726974 
 1370      65496D6F 
 1370      46726571 
 1371              	.LASF7:
 1372 0221 6C6F6E67 		.ascii	"long int\000"
 1372      20696E74 
 1372      00
 1373              	.LASF2:
 1374 022a 6C6F6E67 		.ascii	"long double\000"
 1374      20646F75 
 1374      626C6500 
 1375              	.LASF3:
 1376 0236 7369676E 		.ascii	"signed char\000"
 1376      65642063 
 1376      68617200 
ARM GAS  C:\Users\user\AppData\Local\Temp\ccrSRcAi.s 			page 34


 1377              	.LASF35:
 1378 0242 47656E65 		.ascii	"Generated_Source\\PSoC4\\cyfitter_cfg.c\000"
 1378      72617465 
 1378      645F536F 
 1378      75726365 
 1378      5C50536F 
 1379              	.LASF34:
 1380 0268 474E5520 		.ascii	"GNU C11 5.4.1 20160609 (release) [ARM/embedded-5-br"
 1380      43313120 
 1380      352E342E 
 1380      31203230 
 1380      31363036 
 1381 029b 616E6368 		.ascii	"anch revision 237715] -mcpu=cortex-m0 -mthumb -g -O"
 1381      20726576 
 1381      6973696F 
 1381      6E203233 
 1381      37373135 
 1382 02ce 73202D66 		.ascii	"s -ffunction-sections -ffat-lto-objects\000"
 1382      66756E63 
 1382      74696F6E 
 1382      2D736563 
 1382      74696F6E 
 1383              		.ident	"GCC: (GNU Tools for ARM Embedded Processors) 5.4.1 20160609 (release) [ARM/embedded-5-bran
